Archive member included because of file (symbol)

C:\Users\david\AppData\Local\arduino15\packages\arduino\hardware\sam\1.6.11\variants\arduino_due_x/libsam_sam3x8e_gcc_rel.a(pio.o)
                              C:\Users\david\AppData\Local\Temp\VMBuilds\eagleSerial\arduino_due_x_dbg\Debug\variant\variant.cpp.o (PIO_Configure)
C:\Users\david\AppData\Local\arduino15\packages\arduino\hardware\sam\1.6.11\variants\arduino_due_x/libsam_sam3x8e_gcc_rel.a(pmc.o)
                              C:\Users\david\AppData\Local\Temp\VMBuilds\eagleSerial\arduino_due_x_dbg\Debug\variant\variant.cpp.o (pmc_enable_periph_clk)
C:\Users\david\AppData\Local\arduino15\packages\arduino\hardware\sam\1.6.11\variants\arduino_due_x/libsam_sam3x8e_gcc_rel.a(system_sam3xa.o)
                              C:\Users\david\AppData\Local\Temp\VMBuilds\eagleSerial\arduino_due_x_dbg\Debug\variant\variant.cpp.o (SystemInit)
C:\Users\david\AppData\Local\arduino15\packages\arduino\hardware\sam\1.6.11\variants\arduino_due_x/libsam_sam3x8e_gcc_rel.a(startup_sam3xa.o)
                              (Reset_Handler)
C:\Users\david\AppData\Local\arduino15\packages\arduino\hardware\sam\1.6.11\variants\arduino_due_x/libsam_sam3x8e_gcc_rel.a(adc.o)
                              C:\Users\david\AppData\Local\Temp\VMBuilds\eagleSerial\arduino_due_x_dbg\Debug\variant\variant.cpp.o (adc_init)
C:\Users\david\AppData\Local\arduino15\packages\arduino\hardware\sam\1.6.11\variants\arduino_due_x/libsam_sam3x8e_gcc_rel.a(uotghs.o)
                              C:\Users\david\AppData\Local\arduino15\packages\arduino\hardware\sam\1.6.11\variants\arduino_due_x/libsam_sam3x8e_gcc_rel.a(startup_sam3xa.o) (UOTGHS_Handler)
C:\Users\david\AppData\Local\Temp\VMBuilds\eagleSerial\arduino_due_x_dbg\Debug/core.a(cortex_handlers.c.o)
                              C:\Users\david\AppData\Local\arduino15\packages\arduino\hardware\sam\1.6.11\variants\arduino_due_x/libsam_sam3x8e_gcc_rel.a(startup_sam3xa.o) (NMI_Handler)
C:\Users\david\AppData\Local\Temp\VMBuilds\eagleSerial\arduino_due_x_dbg\Debug/core.a(hooks.c.o)
                              C:\Users\david\AppData\Local\Temp\VMBuilds\eagleSerial\arduino_due_x_dbg\Debug/core.a(cortex_handlers.c.o) (sysTickHook)
C:\Users\david\AppData\Local\Temp\VMBuilds\eagleSerial\arduino_due_x_dbg\Debug/core.a(syscalls_sam3.c.o)
                              (_sbrk)
C:\Users\david\AppData\Local\Temp\VMBuilds\eagleSerial\arduino_due_x_dbg\Debug/core.a(wiring.c.o)
                              C:\Users\david\AppData\Local\Temp\VMBuilds\eagleSerial\arduino_due_x_dbg\Debug\IcarusXbee\IcarusXbee.cpp.o (millis)
C:\Users\david\AppData\Local\Temp\VMBuilds\eagleSerial\arduino_due_x_dbg\Debug/core.a(wiring_analog.c.o)
                              C:\Users\david\AppData\Local\Temp\VMBuilds\eagleSerial\arduino_due_x_dbg\Debug\IcarusCelle\IcarusCelle.cpp.o (analogRead)
C:\Users\david\AppData\Local\Temp\VMBuilds\eagleSerial\arduino_due_x_dbg\Debug/core.a(wiring_digital.c.o)
                              C:\Users\david\AppData\Local\Temp\VMBuilds\eagleSerial\arduino_due_x_dbg\Debug/core.a(wiring_analog.c.o) (pinMode)
C:\Users\david\AppData\Local\Temp\VMBuilds\eagleSerial\arduino_due_x_dbg\Debug/core.a(abi.cpp.o)
                              C:\Users\david\AppData\Local\Temp\VMBuilds\eagleSerial\arduino_due_x_dbg\Debug\xbee-arduino-master\XBee.cpp.o (__cxa_pure_virtual)
C:\Users\david\AppData\Local\Temp\VMBuilds\eagleSerial\arduino_due_x_dbg\Debug/core.a(main.cpp.o)
                              c:/users/david/appdata/local/arduino15/packages/arduino/tools/arm-none-eabi-gcc/4.8.3-2014q1/bin/../lib/gcc/arm-none-eabi/4.8.3/../../../../arm-none-eabi/lib/armv7-m/crt0.o (main)
C:\Users\david\AppData\Local\Temp\VMBuilds\eagleSerial\arduino_due_x_dbg\Debug/core.a(Print.cpp.o)
                              C:\Users\david\AppData\Local\Temp\VMBuilds\eagleSerial\arduino_due_x_dbg\Debug\xbee-arduino-master\Printers.cpp.o (Print::print(__FlashStringHelper const*))
C:\Users\david\AppData\Local\Temp\VMBuilds\eagleSerial\arduino_due_x_dbg\Debug/core.a(Reset.cpp.o)
                              C:\Users\david\AppData\Local\Temp\VMBuilds\eagleSerial\arduino_due_x_dbg\Debug/core.a(cortex_handlers.c.o) (tickReset)
C:\Users\david\AppData\Local\Temp\VMBuilds\eagleSerial\arduino_due_x_dbg\Debug/core.a(RingBuffer.cpp.o)
                              C:\Users\david\AppData\Local\Temp\VMBuilds\eagleSerial\arduino_due_x_dbg\Debug\variant\variant.cpp.o (RingBuffer::RingBuffer())
C:\Users\david\AppData\Local\Temp\VMBuilds\eagleSerial\arduino_due_x_dbg\Debug/core.a(Stream.cpp.o)
                              C:\Users\david\AppData\Local\Temp\VMBuilds\eagleSerial\arduino_due_x_dbg\Debug\eagleSerial.cpp.o (Stream::readString())
C:\Users\david\AppData\Local\Temp\VMBuilds\eagleSerial\arduino_due_x_dbg\Debug/core.a(UARTClass.cpp.o)
                              C:\Users\david\AppData\Local\Temp\VMBuilds\eagleSerial\arduino_due_x_dbg\Debug\eagleSerial.cpp.o (UARTClass::available())
[...]
Memory Configuration

Name             Origin             Length             Attributes
rom              0x00080000         0x00080000         xr
sram0            0x20000000         0x00010000         xrw
sram1            0x20080000         0x00008000         xrw
ram              0x20070000         0x00018000         xrw
*default*        0x00000000         0xffffffff

Linker script and memory map

LOAD c:/users/david/appdata/local/arduino15/packages/arduino/tools/arm-none-eabi-gcc/4.8.3-2014q1/bin/../lib/gcc/arm-none-eabi/4.8.3/armv7-m/crti.o
LOAD c:/users/david/appdata/local/arduino15/packages/arduino/tools/arm-none-eabi-gcc/4.8.3-2014q1/bin/../lib/gcc/arm-none-eabi/4.8.3/armv7-m/crtbegin.o
LOAD c:/users/david/appdata/local/arduino15/packages/arduino/tools/arm-none-eabi-gcc/4.8.3-2014q1/bin/../lib/gcc/arm-none-eabi/4.8.3/../../../../arm-none-eabi/lib/armv7-m/crt0.o
START GROUP
LOAD C:\Users\david\AppData\Local\Temp\VMBuilds\eagleSerial\arduino_due_x_dbg\Debug\eagleSerial.cpp.o
LOAD C:\Users\david\AppData\Local\Temp\VMBuilds\eagleSerial\arduino_due_x_dbg\Debug\IcarusCelle\IcarusCelle.cpp.o
LOAD C:\Users\david\AppData\Local\Temp\VMBuilds\eagleSerial\arduino_due_x_dbg\Debug\IcarusIO\IcarusIO.cpp.o
LOAD C:\Users\david\AppData\Local\Temp\VMBuilds\eagleSerial\arduino_due_x_dbg\Debug\IcarusXbee\IcarusXbee.cpp.o
LOAD C:\Users\david\AppData\Local\Temp\VMBuilds\eagleSerial\arduino_due_x_dbg\Debug\xbee-arduino-master\Printers.cpp.o
LOAD C:\Users\david\AppData\Local\Temp\VMBuilds\eagleSerial\arduino_due_x_dbg\Debug\xbee-arduino-master\XBee.cpp.o
LOAD C:\Users\david\AppData\Local\Temp\VMBuilds\eagleSerial\arduino_due_x_dbg\Debug\variant\variant.cpp.o
LOAD C:\Users\david\AppData\Local\arduino15\packages\arduino\hardware\sam\1.6.11\variants\arduino_due_x/libsam_sam3x8e_gcc_rel.a
LOAD C:\Users\david\AppData\Local\Temp\VMBuilds\eagleSerial\arduino_due_x_dbg\Debug/core.a
END GROUP
LOAD c:/users/david/appdata/local/arduino15/packages/arduino/tools/arm-none-eabi-gcc/4.8.3-2014q1/bin/../lib/gcc/arm-none-eabi/4.8.3/../../../../arm-none-eabi/lib/armv7-m\libm.a
START GROUP
LOAD c:/users/david/appdata/local/arduino15/packages/arduino/tools/arm-none-eabi-gcc/4.8.3-2014q1/bin/../lib/gcc/arm-none-eabi/4.8.3/armv7-m\libgcc.a
LOAD c:/users/david/appdata/local/arduino15/packages/arduino/tools/arm-none-eabi-gcc/4.8.3-2014q1/bin/../lib/gcc/arm-none-eabi/4.8.3/../../../../arm-none-eabi/lib/armv7-m\libg.a
LOAD c:/users/david/appdata/local/arduino15/packages/arduino/tools/arm-none-eabi-gcc/4.8.3-2014q1/bin/../lib/gcc/arm-none-eabi/4.8.3/../../../../arm-none-eabi/lib/armv7-m\libc.a
END GROUP
LOAD c:/users/david/appdata/local/arduino15/packages/arduino/tools/arm-none-eabi-gcc/4.8.3-2014q1/bin/../lib/gcc/arm-none-eabi/4.8.3/armv7-m/crtend.o
LOAD c:/users/david/appdata/local/arduino15/packages/arduino/tools/arm-none-eabi-gcc/4.8.3-2014q1/bin/../lib/gcc/arm-none-eabi/4.8.3/armv7-m/crtn.o

.text           0x00080000     0x78ec
                0x00080000                . = ALIGN (0x4)
                0x00080000                _sfixed = .
 *(.vectors .vectors.*)
 .vectors       0x00080000       0xf4 C:\Users\david\AppData\Local\arduino15\packages\arduino\hardware\sam\1.6.11\variants\arduino_due_x/libsam_sam3x8e_gcc_rel.a(startup_sam3xa.o)
                0x00080000                exception_table
 *(.text .text.* .gnu.linkonce.t.*)
 .text          0x000800f4       0x54 c:/users/david/appdata/local/arduino15/packages/arduino/tools/arm-none-eabi-gcc/4.8.3-2014q1/bin/../lib/gcc/arm-none-eabi/4.8.3/armv7-m/crtbegin.o
 .text._Z11displayInfov
                0x00080148       0x78 C:\Users\david\AppData\Local\Temp\VMBuilds\eagleSerial\arduino_due_x_dbg\Debug\eagleSerial.cpp.o
                0x00080148                displayInfo()
 .text._Z16scaricaEmergenzav
                0x000801c0       0x3c C:\Users\david\AppData\Local\Temp\VMBuilds\eagleSerial\arduino_due_x_dbg\Debug\eagleSerial.cpp.o
                0x000801c0                scaricaEmergenza()
 .text.startup._GLOBAL__sub_I_IO
                0x000801fc       0x2c C:\Users\david\AppData\Local\Temp\VMBuilds\eagleSerial\arduino_due_x_dbg\Debug\eagleSerial.cpp.o
 .text._Z12display_menuv
                0x00080228       0x8c C:\Users\david\AppData\Local\Temp\VMBuilds\eagleSerial\arduino_due_x_dbg\Debug\eagleSerial.cpp.o
                0x00080228                display_menu()
 .text.loop     0x000802b4      0x3d0 C:\Users\david\AppData\Local\Temp\VMBuilds\eagleSerial\arduino_due_x_dbg\Debug\eagleSerial.cpp.o
                0x000802b4                loop
 .text._Z9setupXbeev
                0x00080684       0x5c C:\Users\david\AppData\Local\Temp\VMBuilds\eagleSerial\arduino_due_x_dbg\Debug\eagleSerial.cpp.o
                0x00080684                setupXbee()
 .text.setup    0x000806e0       0x24 C:\Users\david\AppData\Local\Temp\VMBuilds\eagleSerial\arduino_due_x_dbg\Debug\eagleSerial.cpp.o
                0x000806e0                setup
 .text._ZN8IcarusIOC2EP6Stream
                0x00080704        0x4 C:\Users\david\AppData\Local\Temp\VMBuilds\eagleSerial\arduino_due_x_dbg\Debug\IcarusIO\IcarusIO.cpp.o
                0x00080704                IcarusIO::IcarusIO(Stream*)
                0x00080704                IcarusIO::IcarusIO(Stream*)
 .text._ZN10IcarusXbeeC2EP8IcarusIO13IcarusAddressP6Stream
                0x00080708      0x2b0 C:\Users\david\AppData\Local\Temp\VMBuilds\eagleSerial\arduino_due_x_dbg\Debug\IcarusXbee\IcarusXbee.cpp.o
                0x00080708                IcarusXbee::IcarusXbee(IcarusIO*, IcarusAddress, Stream*)
                0x00080708                IcarusXbee::IcarusXbee(IcarusIO*, IcarusAddress, Stream*)
 .text._ZN10IcarusXbee12addToPayloadE8dataType
                0x000809b8      0x3f4 C:\Users\david\AppData\Local\Temp\VMBuilds\eagleSerial\arduino_due_x_dbg\Debug\IcarusXbee\IcarusXbee.cpp.o
                0x000809b8                IcarusXbee::addToPayload(dataType)
 .text._ZN10IcarusXbee4SendEv
                0x00080dac       0x70 C:\Users\david\AppData\Local\Temp\VMBuilds\eagleSerial\arduino_due_x_dbg\Debug\IcarusXbee\IcarusXbee.cpp.o
                0x00080dac                IcarusXbee::Send()
 .text._ZN10IcarusXbee19handleXbeeRxMessageEPhh
                0x00080e1c      0x28a C:\Users\david\AppData\Local\Temp\VMBuilds\eagleSerial\arduino_due_x_dbg\Debug\IcarusXbee\IcarusXbee.cpp.o
                0x00080e1c                IcarusXbee::handleXbeeRxMessage(unsigned char*, unsigned char)
 .text._ZN10IcarusXbee11SendCmdFireE11typeCmdFire
                0x000810a6       0x44 C:\Users\david\AppData\Local\Temp\VMBuilds\eagleSerial\arduino_due_x_dbg\Debug\IcarusXbee\IcarusXbee.cpp.o
                0x000810a6                IcarusXbee::SendCmdFire(typeCmdFire)
 .text._ZN10IcarusXbee11readCmdFireEv
                0x000810ea       0x2e C:\Users\david\AppData\Local\Temp\VMBuilds\eagleSerial\arduino_due_x_dbg\Debug\IcarusXbee\IcarusXbee.cpp.o
                0x000810ea                IcarusXbee::readCmdFire()
 .text._ZN10IcarusXbee4ReadEv
                0x00081118       0x8c C:\Users\david\AppData\Local\Temp\VMBuilds\eagleSerial\arduino_due_x_dbg\Debug\IcarusXbee\IcarusXbee.cpp.o
                0x00081118                IcarusXbee::Read()
 .text._ZN10IcarusXbee16CheckAcknCmdFireE11typeCmdFirem
                0x000811a4       0x40 C:\Users\david\AppData\Local\Temp\VMBuilds\eagleSerial\arduino_due_x_dbg\Debug\IcarusXbee\IcarusXbee.cpp.o
                0x000811a4                IcarusXbee::CheckAcknCmdFire(typeCmdFire, unsigned long)
 .text._ZN12ZBRxResponse13getDataOffsetEv
                0x000811e4        0x4 C:\Users\david\AppData\Local\Temp\VMBuilds\eagleSerial\arduino_due_x_dbg\Debug\xbee-arduino-master\XBee.cpp.o
                0x000811e4                ZBRxResponse::getDataOffset()
 .text._ZN12ZBRxResponse13getDataLengthEv
                0x000811e8       0x12 C:\Users\david\AppData\Local\Temp\VMBuilds\eagleSerial\arduino_due_x_dbg\Debug\xbee-arduino-master\XBee.cpp.o
                0x000811e8                ZBRxResponse::getDataLength()
 .text._ZN11ZBTxRequest18getFrameDataLengthEv
                0x000811fa        0x8 C:\Users\david\AppData\Local\Temp\VMBuilds\eagleSerial\arduino_due_x_dbg\Debug\xbee-arduino-master\XBee.cpp.o
                0x000811fa                ZBTxRequest::getFrameDataLength()
 .text._ZN11ZBTxRequest12getFrameDataEh
                0x00081202       0x68 C:\Users\david\AppData\Local\Temp\VMBuilds\eagleSerial\arduino_due_x_dbg\Debug\xbee-arduino-master\XBee.cpp.o
                0x00081202                ZBTxRequest::getFrameData(unsigned char)
 .text._ZN12XBeeResponseC2Ev
                0x0008126a        0x2 C:\Users\david\AppData\Local\Temp\VMBuilds\eagleSerial\arduino_due_x_dbg\Debug\xbee-arduino-master\XBee.cpp.o
                0x0008126a                XBeeResponse::XBeeResponse()
                0x0008126a                XBeeResponse::XBeeResponse()
 .text._ZN12XBeeResponse8getApiIdEv
                0x0008126c        0x4 C:\Users\david\AppData\Local\Temp\VMBuilds\eagleSerial\arduino_due_x_dbg\Debug\xbee-arduino-master\XBee.cpp.o
                0x0008126c                XBeeResponse::getApiId()
 .text._ZN12XBeeResponse11isAvailableEv
                0x00081270        0x4 C:\Users\david\AppData\Local\Temp\VMBuilds\eagleSerial\arduino_due_x_dbg\Debug\xbee-arduino-master\XBee.cpp.o
                0x00081270                XBeeResponse::isAvailable()
 .text._ZN12XBeeResponse7isErrorEv
                0x00081274        0xa C:\Users\david\AppData\Local\Temp\VMBuilds\eagleSerial\arduino_due_x_dbg\Debug\xbee-arduino-master\XBee.cpp.o
                0x00081274                XBeeResponse::isError()
 .text._ZN12XBeeResponse12getErrorCodeEv
                0x0008127e        0x4 C:\Users\david\AppData\Local\Temp\VMBuilds\eagleSerial\arduino_due_x_dbg\Debug\xbee-arduino-master\XBee.cpp.o
                0x0008127e                XBeeResponse::getErrorCode()
 .text._ZN12XBeeResponse9setCommonERS_
                0x00081282       0x1e C:\Users\david\AppData\Local\Temp\VMBuilds\eagleSerial\arduino_due_x_dbg\Debug\xbee-arduino-master\XBee.cpp.o
                0x00081282                XBeeResponse::setCommon(XBeeResponse&)
 .text._ZN18ZBTxStatusResponseC2Ev
                0x000812a0        0x2 C:\Users\david\AppData\Local\Temp\VMBuilds\eagleSerial\arduino_due_x_dbg\Debug\xbee-arduino-master\XBee.cpp.o
                0x000812a0                ZBTxStatusResponse::ZBTxStatusResponse()
                0x000812a0                ZBTxStatusResponse::ZBTxStatusResponse()
 *fill*         0x000812a2        0x2 
 .text._ZN12ZBRxResponseC2Ev
                0x000812a4       0x10 C:\Users\david\AppData\Local\Temp\VMBuilds\eagleSerial\arduino_due_x_dbg\Debug\xbee-arduino-master\XBee.cpp.o
                0x000812a4                ZBRxResponse::ZBRxResponse()
                0x000812a4                ZBRxResponse::ZBRxResponse()
 .text._ZN12XBeeResponse15getZBRxResponseERS_
                0x000812b4       0x3e C:\Users\david\AppData\Local\Temp\VMBuilds\eagleSerial\arduino_due_x_dbg\Debug\xbee-arduino-master\XBee.cpp.o
                0x000812b4                XBeeResponse::getZBRxResponse(XBeeResponse&)
 .text._ZN14RxDataResponse7getDataEv
                0x000812f2        0xe C:\Users\david\AppData\Local\Temp\VMBuilds\eagleSerial\arduino_due_x_dbg\Debug\xbee-arduino-master\XBee.cpp.o
                0x000812f2                RxDataResponse::getData()
 .text._ZN12XBeeResponse5resetEv
                0x00081300       0x12 C:\Users\david\AppData\Local\Temp\VMBuilds\eagleSerial\arduino_due_x_dbg\Debug\xbee-arduino-master\XBee.cpp.o
                0x00081300                XBeeResponse::reset()
 .text._ZN4XBee13resetResponseEv
                0x00081312        0xc C:\Users\david\AppData\Local\Temp\VMBuilds\eagleSerial\arduino_due_x_dbg\Debug\xbee-arduino-master\XBee.cpp.o
                0x00081312                XBee::resetResponse()
 *fill*         0x0008131e        0x2 
 .text._ZN4XBeeC2Ev
                0x00081320       0x24 C:\Users\david\AppData\Local\Temp\VMBuilds\eagleSerial\arduino_due_x_dbg\Debug\xbee-arduino-master\XBee.cpp.o
                0x00081320                XBee::XBee()
                0x00081320                XBee::XBee()
 .text._ZN4XBee9setSerialER6Stream
                0x00081344        0x6 C:\Users\david\AppData\Local\Temp\VMBuilds\eagleSerial\arduino_due_x_dbg\Debug\xbee-arduino-master\XBee.cpp.o
                0x00081344                XBee::setSerial(Stream&)
 .text._ZN4XBee9availableEv
                0x0008134a       0x14 C:\Users\david\AppData\Local\Temp\VMBuilds\eagleSerial\arduino_due_x_dbg\Debug\xbee-arduino-master\XBee.cpp.o
                0x0008134a                XBee::available()
 .text._ZN4XBee4readEv
                0x0008135e       0x10 C:\Users\david\AppData\Local\Temp\VMBuilds\eagleSerial\arduino_due_x_dbg\Debug\xbee-arduino-master\XBee.cpp.o
                0x0008135e                XBee::read()
 .text._ZN4XBee5writeEh
                0x0008136e        0xe C:\Users\david\AppData\Local\Temp\VMBuilds\eagleSerial\arduino_due_x_dbg\Debug\xbee-arduino-master\XBee.cpp.o
                0x0008136e                XBee::write(unsigned char)
 .text._ZN4XBee11getResponseEv
                0x0008137c        0x2 C:\Users\david\AppData\Local\Temp\VMBuilds\eagleSerial\arduino_due_x_dbg\Debug\xbee-arduino-master\XBee.cpp.o
                0x0008137c                XBee::getResponse()
 .text._ZN4XBee10readPacketEv
                0x0008137e       0xe6 C:\Users\david\AppData\Local\Temp\VMBuilds\eagleSerial\arduino_due_x_dbg\Debug\xbee-arduino-master\XBee.cpp.o
                0x0008137e                XBee::readPacket()
 .text._ZN11ZBTxRequestC2Ev
                0x00081464       0x28 C:\Users\david\AppData\Local\Temp\VMBuilds\eagleSerial\arduino_due_x_dbg\Debug\xbee-arduino-master\XBee.cpp.o
                0x00081464                ZBTxRequest::ZBTxRequest()
                0x00081464                ZBTxRequest::ZBTxRequest()
 .text._ZN11ZBTxRequestC2ERK13XBeeAddress64Phh
                0x0008148c       0x38 C:\Users\david\AppData\Local\Temp\VMBuilds\eagleSerial\arduino_due_x_dbg\Debug\xbee-arduino-master\XBee.cpp.o
                0x0008148c                ZBTxRequest::ZBTxRequest(XBeeAddress64 const&, unsigned char*, unsigned char)
                0x0008148c                ZBTxRequest::ZBTxRequest(XBeeAddress64 const&, unsigned char*, unsigned char)
 .text._ZN4XBee8sendByteEhb
                0x000814c4       0x34 C:\Users\david\AppData\Local\Temp\VMBuilds\eagleSerial\arduino_due_x_dbg\Debug\xbee-arduino-master\XBee.cpp.o
                0x000814c4                XBee::sendByte(unsigned char, bool)
 .text._ZN4XBee4sendER11XBeeRequest
                0x000814f8       0xa0 C:\Users\david\AppData\Local\Temp\VMBuilds\eagleSerial\arduino_due_x_dbg\Debug\xbee-arduino-master\XBee.cpp.o
                0x000814f8                XBee::send(XBeeRequest&)
 .text._Z11serialEventv
                0x00081598        0x2 C:\Users\david\AppData\Local\Temp\VMBuilds\eagleSerial\arduino_due_x_dbg\Debug\variant\variant.cpp.o
                0x00081598                serialEvent()
 *fill*         0x0008159a        0x2 
 .text.UART_Handler
                0x0008159c        0xc C:\Users\david\AppData\Local\Temp\VMBuilds\eagleSerial\arduino_due_x_dbg\Debug\variant\variant.cpp.o
                0x0008159c                UART_Handler
 .text._Z12serialEvent1v
                0x000815a8        0x2 C:\Users\david\AppData\Local\Temp\VMBuilds\eagleSerial\arduino_due_x_dbg\Debug\variant\variant.cpp.o
                0x000815a8                serialEvent1()
 .text._Z12serialEvent2v
                0x000815aa        0x2 C:\Users\david\AppData\Local\Temp\VMBuilds\eagleSerial\arduino_due_x_dbg\Debug\variant\variant.cpp.o
                0x000815aa                serialEvent2()
 .text._Z12serialEvent3v
                0x000815ac        0x2 C:\Users\david\AppData\Local\Temp\VMBuilds\eagleSerial\arduino_due_x_dbg\Debug\variant\variant.cpp.o
                0x000815ac                serialEvent3()
 *fill*         0x000815ae        0x2 
 .text.USART0_Handler
                0x000815b0        0xc C:\Users\david\AppData\Local\Temp\VMBuilds\eagleSerial\arduino_due_x_dbg\Debug\variant\variant.cpp.o
                0x000815b0                USART0_Handler
 .text.USART1_Handler
                0x000815bc        0xc C:\Users\david\AppData\Local\Temp\VMBuilds\eagleSerial\arduino_due_x_dbg\Debug\variant\variant.cpp.o
                0x000815bc                USART1_Handler
 .text.USART3_Handler
                0x000815c8        0xc C:\Users\david\AppData\Local\Temp\VMBuilds\eagleSerial\arduino_due_x_dbg\Debug\variant\variant.cpp.o
                0x000815c8                USART3_Handler
 .text.init     0x000815d4      0x128 C:\Users\david\AppData\Local\Temp\VMBuilds\eagleSerial\arduino_due_x_dbg\Debug\variant\variant.cpp.o
                0x000815d4                init
 .text.startup._GLOBAL__sub_I_g_APinDescription
                0x000816fc       0xd4 C:\Users\david\AppData\Local\Temp\VMBuilds\eagleSerial\arduino_due_x_dbg\Debug\variant\variant.cpp.o
 .text._Z14serialEventRunv
                0x000817d0       0x44 C:\Users\david\AppData\Local\Temp\VMBuilds\eagleSerial\arduino_due_x_dbg\Debug\variant\variant.cpp.o
                0x000817d0                serialEventRun()
 .text.PIO_PullUp
                0x00081814        0xa C:\Users\david\AppData\Local\arduino15\packages\arduino\hardware\sam\1.6.11\variants\arduino_due_x/libsam_sam3x8e_gcc_rel.a(pio.o)
                0x00081814                PIO_PullUp
 .text.PIO_SetPeripheral
                0x0008181e       0x26 C:\Users\david\AppData\Local\arduino15\packages\arduino\hardware\sam\1.6.11\variants\arduino_due_x/libsam_sam3x8e_gcc_rel.a(pio.o)
                0x0008181e                PIO_SetPeripheral
 .text.PIO_SetInput
                0x00081844       0x26 C:\Users\david\AppData\Local\arduino15\packages\arduino\hardware\sam\1.6.11\variants\arduino_due_x/libsam_sam3x8e_gcc_rel.a(pio.o)
                0x00081844                PIO_SetInput
 .text.PIO_SetOutput
                0x0008186a       0x24 C:\Users\david\AppData\Local\arduino15\packages\arduino\hardware\sam\1.6.11\variants\arduino_due_x/libsam_sam3x8e_gcc_rel.a(pio.o)
                0x0008186a                PIO_SetOutput
 *fill*         0x0008188e        0x2 
 .text.PIO_Configure
                0x00081890       0x64 C:\Users\david\AppData\Local\arduino15\packages\arduino\hardware\sam\1.6.11\variants\arduino_due_x/libsam_sam3x8e_gcc_rel.a(pio.o)
                0x00081890                PIO_Configure
 .text.PIO_GetOutputDataStatus
                0x000818f4       0x14 C:\Users\david\AppData\Local\arduino15\packages\arduino\hardware\sam\1.6.11\variants\arduino_due_x/libsam_sam3x8e_gcc_rel.a(pio.o)
                0x000818f4                PIO_GetOutputDataStatus
 .text.pmc_enable_upll_clock
                0x00081908       0x14 C:\Users\david\AppData\Local\arduino15\packages\arduino\hardware\sam\1.6.11\variants\arduino_due_x/libsam_sam3x8e_gcc_rel.a(pmc.o)
                0x00081908                pmc_enable_upll_clock
 .text.pmc_enable_periph_clk
                0x0008191c       0x44 C:\Users\david\AppData\Local\arduino15\packages\arduino\hardware\sam\1.6.11\variants\arduino_due_x/libsam_sam3x8e_gcc_rel.a(pmc.o)
                0x0008191c                pmc_enable_periph_clk
 .text.pmc_disable_periph_clk
                0x00081960       0x40 C:\Users\david\AppData\Local\arduino15\packages\arduino\hardware\sam\1.6.11\variants\arduino_due_x/libsam_sam3x8e_gcc_rel.a(pmc.o)
                0x00081960                pmc_disable_periph_clk
 .text.pmc_switch_udpck_to_upllck
                0x000819a0       0x14 C:\Users\david\AppData\Local\arduino15\packages\arduino\hardware\sam\1.6.11\variants\arduino_due_x/libsam_sam3x8e_gcc_rel.a(pmc.o)
                0x000819a0                pmc_switch_udpck_to_upllck
 .text.pmc_enable_udpck
                0x000819b4        0xc C:\Users\david\AppData\Local\arduino15\packages\arduino\hardware\sam\1.6.11\variants\arduino_due_x/libsam_sam3x8e_gcc_rel.a(pmc.o)
                0x000819b4                pmc_enable_udpck
 .text.SystemInit
                0x000819c0       0x88 C:\Users\david\AppData\Local\arduino15\packages\arduino\hardware\sam\1.6.11\variants\arduino_due_x/libsam_sam3x8e_gcc_rel.a(system_sam3xa.o)
                0x000819c0                SystemInit
 .text.Reset_Handler
                0x00081a48       0x78 C:\Users\david\AppData\Local\arduino15\packages\arduino\hardware\sam\1.6.11\variants\arduino_due_x/libsam_sam3x8e_gcc_rel.a(startup_sam3xa.o)
                0x00081a48                Reset_Handler
 .text.adc_init
                0x00081ac0       0x98 C:\Users\david\AppData\Local\arduino15\packages\arduino\hardware\sam\1.6.11\variants\arduino_due_x/libsam_sam3x8e_gcc_rel.a(adc.o)
                0x00081ac0                adc_init
 .text.adc_configure_trigger
                0x00081b58        0xe C:\Users\david\AppData\Local\arduino15\packages\arduino\hardware\sam\1.6.11\variants\arduino_due_x/libsam_sam3x8e_gcc_rel.a(adc.o)
                0x00081b58                adc_configure_trigger
 .text.adc_configure_timing
                0x00081b66       0x1a C:\Users\david\AppData\Local\arduino15\packages\arduino\hardware\sam\1.6.11\variants\arduino_due_x/libsam_sam3x8e_gcc_rel.a(adc.o)
                0x00081b66                adc_configure_timing
 .text.adc_disable_channel
                0x00081b80        0xa C:\Users\david\AppData\Local\arduino15\packages\arduino\hardware\sam\1.6.11\variants\arduino_due_x/libsam_sam3x8e_gcc_rel.a(adc.o)
                0x00081b80                adc_disable_channel
 .text.adc_disable_all_channel
                0x00081b8a        0x8 C:\Users\david\AppData\Local\arduino15\packages\arduino\hardware\sam\1.6.11\variants\arduino_due_x/libsam_sam3x8e_gcc_rel.a(adc.o)
                0x00081b8a                adc_disable_all_channel
 .text.adc_disable_interrupt
                0x00081b92        0x4 C:\Users\david\AppData\Local\arduino15\packages\arduino\hardware\sam\1.6.11\variants\arduino_due_x/libsam_sam3x8e_gcc_rel.a(adc.o)
                0x00081b92                adc_disable_interrupt
 *fill*         0x00081b96        0x2 
 .text.UOTGHS_Handler
                0x00081b98       0x10 C:\Users\david\AppData\Local\arduino15\packages\arduino\hardware\sam\1.6.11\variants\arduino_due_x/libsam_sam3x8e_gcc_rel.a(uotghs.o)
                0x00081b98                UOTGHS_Handler
 .text.__halt   0x00081ba8        0x2 C:\Users\david\AppData\Local\Temp\VMBuilds\eagleSerial\arduino_due_x_dbg\Debug/core.a(cortex_handlers.c.o)
                0x00081ba8                DACC_Handler
                0x00081ba8                DebugMon_Handler
                0x00081ba8                DMAC_Handler
                0x00081ba8                TRNG_Handler
                0x00081ba8                HardFault_Handler
                0x00081ba8                TC2_Handler
                0x00081ba8                TWI1_Handler
                0x00081ba8                NMI_Handler
                0x00081ba8                TC7_Handler
                0x00081ba8                ADC_Handler
                0x00081ba8                SMC_Handler
                0x00081ba8                RTT_Handler
                0x00081ba8                EFC1_Handler
                0x00081ba8                PIOB_Handler
                0x00081ba8                RTC_Handler
                0x00081ba8                UsageFault_Handler
                0x00081ba8                TC6_Handler
                0x00081ba8                WDT_Handler
                0x00081ba8                CAN0_Handler
                0x00081ba8                TC4_Handler
                0x00081ba8                TC1_Handler
                0x00081ba8                HSMCI_Handler
                0x00081ba8                TC3_Handler
                0x00081ba8                TWI0_Handler
                0x00081ba8                PIOA_Handler
                0x00081ba8                SSC_Handler
                0x00081ba8                EFC0_Handler
                0x00081ba8                PMC_Handler
                0x00081ba8                PWM_Handler
                0x00081ba8                CAN1_Handler
                0x00081ba8                MemManage_Handler
                0x00081ba8                SUPC_Handler
                0x00081ba8                TC8_Handler
                0x00081ba8                USART2_Handler
                0x00081ba8                PIOD_Handler
                0x00081ba8                EMAC_Handler
                0x00081ba8                PIOC_Handler
                0x00081ba8                BusFault_Handler
                0x00081ba8                RSTC_Handler
                0x00081ba8                TC0_Handler
                0x00081ba8                TC5_Handler
                0x00081ba8                SPI0_Handler
 .text.SVC_Handler
                0x00081baa        0x4 C:\Users\david\AppData\Local\Temp\VMBuilds\eagleSerial\arduino_due_x_dbg\Debug/core.a(cortex_handlers.c.o)
                0x00081baa                SVC_Handler
 .text.PendSV_Handler
                0x00081bae        0x4 C:\Users\david\AppData\Local\Temp\VMBuilds\eagleSerial\arduino_due_x_dbg\Debug/core.a(cortex_handlers.c.o)
                0x00081bae                PendSV_Handler
 .text.SysTick_Handler
                0x00081bb2       0x16 C:\Users\david\AppData\Local\Temp\VMBuilds\eagleSerial\arduino_due_x_dbg\Debug/core.a(cortex_handlers.c.o)
                0x00081bb2                SysTick_Handler
 .text.__empty  0x00081bc8        0x2 C:\Users\david\AppData\Local\Temp\VMBuilds\eagleSerial\arduino_due_x_dbg\Debug/core.a(hooks.c.o)
                0x00081bc8                yield
 .text.__false  0x00081bca        0x4 C:\Users\david\AppData\Local\Temp\VMBuilds\eagleSerial\arduino_due_x_dbg\Debug/core.a(hooks.c.o)
                0x00081bca                sysTickHook
 .text.__halt   0x00081bce        0x2 C:\Users\david\AppData\Local\Temp\VMBuilds\eagleSerial\arduino_due_x_dbg\Debug/core.a(hooks.c.o)
                0x00081bce                svcHook
                0x00081bce                pendSVHook
 .text._sbrk    0x00081bd0       0x1c C:\Users\david\AppData\Local\Temp\VMBuilds\eagleSerial\arduino_due_x_dbg\Debug/core.a(syscalls_sam3.c.o)
                0x00081bd0                _sbrk
 .text.link     0x00081bec        0x6 C:\Users\david\AppData\Local\Temp\VMBuilds\eagleSerial\arduino_due_x_dbg\Debug/core.a(syscalls_sam3.c.o)
                0x00081bec                link
 .text._close   0x00081bf2        0x6 C:\Users\david\AppData\Local\Temp\VMBuilds\eagleSerial\arduino_due_x_dbg\Debug/core.a(syscalls_sam3.c.o)
                0x00081bf2                _close
 .text._fstat   0x00081bf8        0xa C:\Users\david\AppData\Local\Temp\VMBuilds\eagleSerial\arduino_due_x_dbg\Debug/core.a(syscalls_sam3.c.o)
                0x00081bf8                _fstat
 .text._isatty  0x00081c02        0x4 C:\Users\david\AppData\Local\Temp\VMBuilds\eagleSerial\arduino_due_x_dbg\Debug/core.a(syscalls_sam3.c.o)
                0x00081c02                _isatty
 .text._lseek   0x00081c06        0x4 C:\Users\david\AppData\Local\Temp\VMBuilds\eagleSerial\arduino_due_x_dbg\Debug/core.a(syscalls_sam3.c.o)
                0x00081c06                _lseek
 .text._read    0x00081c0a        0x4 C:\Users\david\AppData\Local\Temp\VMBuilds\eagleSerial\arduino_due_x_dbg\Debug/core.a(syscalls_sam3.c.o)
                0x00081c0a                _read
 *fill*         0x00081c0e        0x2 
 .text._write   0x00081c10       0x24 C:\Users\david\AppData\Local\Temp\VMBuilds\eagleSerial\arduino_due_x_dbg\Debug/core.a(syscalls_sam3.c.o)
                0x00081c10                _write
 .text._exit    0x00081c34       0x10 C:\Users\david\AppData\Local\Temp\VMBuilds\eagleSerial\arduino_due_x_dbg\Debug/core.a(syscalls_sam3.c.o)
                0x00081c34                _exit
 .text._kill    0x00081c44        0x2 C:\Users\david\AppData\Local\Temp\VMBuilds\eagleSerial\arduino_due_x_dbg\Debug/core.a(syscalls_sam3.c.o)
                0x00081c44                _kill
 .text._getpid  0x00081c46        0x6 C:\Users\david\AppData\Local\Temp\VMBuilds\eagleSerial\arduino_due_x_dbg\Debug/core.a(syscalls_sam3.c.o)
                0x00081c46                _getpid
 .text.millis   0x00081c4c        0x4 C:\Users\david\AppData\Local\Temp\VMBuilds\eagleSerial\arduino_due_x_dbg\Debug/core.a(wiring.c.o)
                0x00081c4c                millis
 .text.delay    0x00081c50       0x1c C:\Users\david\AppData\Local\Temp\VMBuilds\eagleSerial\arduino_due_x_dbg\Debug/core.a(wiring.c.o)
                0x00081c50                delay
 .text.analogOutputInit
                0x00081c6c        0x2 C:\Users\david\AppData\Local\Temp\VMBuilds\eagleSerial\arduino_due_x_dbg\Debug/core.a(wiring_analog.c.o)
                0x00081c6c                analogOutputInit
 *fill*         0x00081c6e        0x2 
 .text.pinMode  0x00081c70      0x108 C:\Users\david\AppData\Local\Temp\VMBuilds\eagleSerial\arduino_due_x_dbg\Debug/core.a(wiring_digital.c.o)
                0x00081c70                pinMode
 .text.digitalWrite
                0x00081d78       0x70 C:\Users\david\AppData\Local\Temp\VMBuilds\eagleSerial\arduino_due_x_dbg\Debug/core.a(wiring_digital.c.o)
                0x00081d78                digitalWrite
 .text.initVariant
                0x00081de8        0x2 C:\Users\david\AppData\Local\Temp\VMBuilds\eagleSerial\arduino_due_x_dbg\Debug/core.a(main.cpp.o)
                0x00081de8                initVariant
 *fill*         0x00081dea        0x2 
 .text.startup.main
                0x00081dec       0x38 C:\Users\david\AppData\Local\Temp\VMBuilds\eagleSerial\arduino_due_x_dbg\Debug/core.a(main.cpp.o)
                0x00081dec                main
 .text._ZN5Print5writeEPKhj
                0x00081e24       0x22 C:\Users\david\AppData\Local\Temp\VMBuilds\eagleSerial\arduino_due_x_dbg\Debug/core.a(Print.cpp.o)
                0x00081e24                Print::write(unsigned char const*, unsigned int)
 .text._ZN5Print5printEmi.part.3
                0x00081e46        0xc C:\Users\david\AppData\Local\Temp\VMBuilds\eagleSerial\arduino_due_x_dbg\Debug/core.a(Print.cpp.o)
 .text._ZN5Print5writeEPKc
                0x00081e52       0x1e C:\Users\david\AppData\Local\Temp\VMBuilds\eagleSerial\arduino_due_x_dbg\Debug/core.a(Print.cpp.o)
                0x00081e52                Print::write(char const*)
 .text._ZN5Print5printEPKc
                0x00081e70        0x8 C:\Users\david\AppData\Local\Temp\VMBuilds\eagleSerial\arduino_due_x_dbg\Debug/core.a(Print.cpp.o)
                0x00081e70                Print::print(char const*)
 .text._ZN5Print5printEc
                0x00081e78        0xa C:\Users\david\AppData\Local\Temp\VMBuilds\eagleSerial\arduino_due_x_dbg\Debug/core.a(Print.cpp.o)
                0x00081e78                Print::print(char)
 *fill*         0x00081e82        0x2 
 .text._ZN5Print7printlnEv
                0x00081e84       0x10 C:\Users\david\AppData\Local\Temp\VMBuilds\eagleSerial\arduino_due_x_dbg\Debug/core.a(Print.cpp.o)
                0x00081e84                Print::println()
 .text._ZN5Print7printlnEPKc
                0x00081e94       0x14 C:\Users\david\AppData\Local\Temp\VMBuilds\eagleSerial\arduino_due_x_dbg\Debug/core.a(Print.cpp.o)
                0x00081e94                Print::println(char const*)
 .text._ZN5Print11printNumberEmh
                0x00081ea8       0x3e C:\Users\david\AppData\Local\Temp\VMBuilds\eagleSerial\arduino_due_x_dbg\Debug/core.a(Print.cpp.o)
                0x00081ea8                Print::printNumber(unsigned long, unsigned char)
 .text._ZN5Print5printEli
                0x00081ee6       0x3c C:\Users\david\AppData\Local\Temp\VMBuilds\eagleSerial\arduino_due_x_dbg\Debug/core.a(Print.cpp.o)
                0x00081ee6                Print::print(long, int)
 .text._ZN5Print7printlnEii
                0x00081f22       0x14 C:\Users\david\AppData\Local\Temp\VMBuilds\eagleSerial\arduino_due_x_dbg\Debug/core.a(Print.cpp.o)
                0x00081f22                Print::println(int, int)
 .text._ZN5Print5printEmi
                0x00081f36        0xc C:\Users\david\AppData\Local\Temp\VMBuilds\eagleSerial\arduino_due_x_dbg\Debug/core.a(Print.cpp.o)
                0x00081f36                Print::print(unsigned long, int)
 .text._ZN5Print7printlnEhi
                0x00081f42       0x14 C:\Users\david\AppData\Local\Temp\VMBuilds\eagleSerial\arduino_due_x_dbg\Debug/core.a(Print.cpp.o)
                0x00081f42                Print::println(unsigned char, int)
 *fill*         0x00081f56        0x2 
 .text.initiateReset
                0x00081f58        0xc C:\Users\david\AppData\Local\Temp\VMBuilds\eagleSerial\arduino_due_x_dbg\Debug/core.a(Reset.cpp.o)
                0x00081f58                initiateReset
 .text.cancelReset
                0x00081f64       0x10 C:\Users\david\AppData\Local\Temp\VMBuilds\eagleSerial\arduino_due_x_dbg\Debug/core.a(Reset.cpp.o)
                0x00081f64                cancelReset
 .text.tickReset
                0x00081f74       0x20 C:\Users\david\AppData\Local\Temp\VMBuilds\eagleSerial\arduino_due_x_dbg\Debug/core.a(Reset.cpp.o)
                0x00081f74                tickReset
 .text._ZN10RingBufferC2Ev
                0x00081f94       0x1a C:\Users\david\AppData\Local\Temp\VMBuilds\eagleSerial\arduino_due_x_dbg\Debug/core.a(RingBuffer.cpp.o)
                0x00081f94                RingBuffer::RingBuffer()
                0x00081f94                RingBuffer::RingBuffer()
 .text._ZN10RingBuffer10store_charEh
                0x00081fae       0x1e C:\Users\david\AppData\Local\Temp\VMBuilds\eagleSerial\arduino_due_x_dbg\Debug/core.a(RingBuffer.cpp.o)
                0x00081fae                RingBuffer::store_char(unsigned char)
 .text._ZN6Stream9timedReadEv
                0x00081fcc       0x2a C:\Users\david\AppData\Local\Temp\VMBuilds\eagleSerial\arduino_due_x_dbg\Debug/core.a(Stream.cpp.o)
                0x00081fcc                Stream::timedRead()
 *fill*         0x00081ff6        0x2 
 .text._ZN6Stream10readStringEv
                0x00081ff8       0x28 C:\Users\david\AppData\Local\Temp\VMBuilds\eagleSerial\arduino_due_x_dbg\Debug/core.a(Stream.cpp.o)
                0x00081ff8                Stream::readString()
 .text._ZN9UARTClasscvbEv
                0x00082020        0x4 C:\Users\david\AppData\Local\Temp\VMBuilds\eagleSerial\arduino_due_x_dbg\Debug/core.a(UARTClass.cpp.o)
                0x00082020                UARTClass::operator bool()
 .text._ZN9UARTClass9availableEv
                0x00082024       0x12 C:\Users\david\AppData\Local\Temp\VMBuilds\eagleSerial\arduino_due_x_dbg\Debug/core.a(UARTClass.cpp.o)
                0x00082024                UARTClass::available()
 .text._ZN9UARTClass4peekEv
                0x00082036       0x1c C:\Users\david\AppData\Local\Temp\VMBuilds\eagleSerial\arduino_due_x_dbg\Debug/core.a(UARTClass.cpp.o)
                0x00082036                UARTClass::peek()
 .text._ZN9UARTClass4readEv
                0x00082052       0x2a C:\Users\david\AppData\Local\Temp\VMBuilds\eagleSerial\arduino_due_x_dbg\Debug/core.a(UARTClass.cpp.o)
                0x00082052                UARTClass::read()
 .text._ZN9UARTClass5flushEv
                0x0008207c       0x18 C:\Users\david\AppData\Local\Temp\VMBuilds\eagleSerial\arduino_due_x_dbg\Debug/core.a(UARTClass.cpp.o)
                0x0008207c                UARTClass::flush()
 .text._ZN9UARTClass5writeEh
                0x00082094       0x54 C:\Users\david\AppData\Local\Temp\VMBuilds\eagleSerial\arduino_due_x_dbg\Debug/core.a(UARTClass.cpp.o)
                0x00082094                UARTClass::write(unsigned char)
 .text._ZN9UARTClass3endEv
                0x000820e8       0x3c C:\Users\david\AppData\Local\Temp\VMBuilds\eagleSerial\arduino_due_x_dbg\Debug/core.a(UARTClass.cpp.o)
                0x000820e8                UARTClass::end()
 .text._ZN9UARTClassC2EP4Uart4IRQnmP10RingBufferS4_
                0x00082124       0x24 C:\Users\david\AppData\Local\Temp\VMBuilds\eagleSerial\arduino_due_x_dbg\Debug/core.a(UARTClass.cpp.o)
                0x00082124                UARTClass::UARTClass(Uart*, IRQn, unsigned long, RingBuffer*, RingBuffer*)
                0x00082124                UARTClass::UARTClass(Uart*, IRQn, unsigned long, RingBuffer*, RingBuffer*)
 .text._ZN9UARTClass4initEmm
                0x00082148       0x70 C:\Users\david\AppData\Local\Temp\VMBuilds\eagleSerial\arduino_due_x_dbg\Debug/core.a(UARTClass.cpp.o)
                0x00082148                UARTClass::init(unsigned long, unsigned long)
 .text._ZN9UARTClass5beginEm
                0x000821b8        0x8 C:\Users\david\AppData\Local\Temp\VMBuilds\eagleSerial\arduino_due_x_dbg\Debug/core.a(UARTClass.cpp.o)
                0x000821b8                UARTClass::begin(unsigned long)
 .text._ZN9UARTClass10IrqHandlerEv
                0x000821c0       0x5a C:\Users\david\AppData\Local\Temp\VMBuilds\eagleSerial\arduino_due_x_dbg\Debug/core.a(UARTClass.cpp.o)
                0x000821c0                UARTClass::IrqHandler()
 .text._ZN10USARTClass5beginEm
                0x0008221a        0x8 C:\Users\david\AppData\Local\Temp\VMBuilds\eagleSerial\arduino_due_x_dbg\Debug/core.a(USARTClass.cpp.o)
                0x0008221a                USARTClass::begin(unsigned long)
 *fill*         0x00082222        0x2 
 .text._ZN10USARTClassC2EP5Usart4IRQnmP10RingBufferS4_
                0x00082224       0x24 C:\Users\david\AppData\Local\Temp\VMBuilds\eagleSerial\arduino_due_x_dbg\Debug/core.a(USARTClass.cpp.o)
                0x00082224                USARTClass::USARTClass(Usart*, IRQn, unsigned long, RingBuffer*, RingBuffer*)
                0x00082224                USARTClass::USARTClass(Usart*, IRQn, unsigned long, RingBuffer*, RingBuffer*)
 .text._watchdogDefaultSetup
                0x00082248        0xc C:\Users\david\AppData\Local\Temp\VMBuilds\eagleSerial\arduino_due_x_dbg\Debug/core.a(watchdog.cpp.o)
                0x00082248                _watchdogDefaultSetup
                0x00082248                watchdogSetup()
 .text._ZN6StringD2Ev
                0x00082254        0xe C:\Users\david\AppData\Local\Temp\VMBuilds\eagleSerial\arduino_due_x_dbg\Debug/core.a(WString.cpp.o)
                0x00082254                String::~String()
                0x00082254                String::~String()
 .text._ZN6String10invalidateEv
                0x00082262       0x16 C:\Users\david\AppData\Local\Temp\VMBuilds\eagleSerial\arduino_due_x_dbg\Debug/core.a(WString.cpp.o)
                0x00082262                String::invalidate()
 .text._ZN6String12changeBufferEj
                0x00082278       0x18 C:\Users\david\AppData\Local\Temp\VMBuilds\eagleSerial\arduino_due_x_dbg\Debug/core.a(WString.cpp.o)
                0x00082278                String::changeBuffer(unsigned int)
 .text._ZN6String7reserveEj
                0x00082290       0x22 C:\Users\david\AppData\Local\Temp\VMBuilds\eagleSerial\arduino_due_x_dbg\Debug/core.a(WString.cpp.o)
                0x00082290                String::reserve(unsigned int)
 .text._ZN6String4copyEPKcj
                0x000822b2       0x26 C:\Users\david\AppData\Local\Temp\VMBuilds\eagleSerial\arduino_due_x_dbg\Debug/core.a(WString.cpp.o)
                0x000822b2                String::copy(char const*, unsigned int)
 .text._ZN6StringC2EPKc
                0x000822d8       0x24 C:\Users\david\AppData\Local\Temp\VMBuilds\eagleSerial\arduino_due_x_dbg\Debug/core.a(WString.cpp.o)
                0x000822d8                String::String(char const*)
                0x000822d8                String::String(char const*)
 .text._ZN6String6concatEPKcj
                0x000822fc       0x2e C:\Users\david\AppData\Local\Temp\VMBuilds\eagleSerial\arduino_due_x_dbg\Debug/core.a(WString.cpp.o)
                0x000822fc                String::concat(char const*, unsigned int)
 .text._ZN6String6concatEc
                0x0008232a       0x1a C:\Users\david\AppData\Local\Temp\VMBuilds\eagleSerial\arduino_due_x_dbg\Debug/core.a(WString.cpp.o)
                0x0008232a                String::concat(char)
 .text._ZNK6String5toIntEv
                0x00082344        0xa C:\Users\david\AppData\Local\Temp\VMBuilds\eagleSerial\arduino_due_x_dbg\Debug/core.a(WString.cpp.o)
                0x00082344                String::toInt() const
 *fill*         0x0008234e        0x2 
 .text.unlikely._ZL11USB_SendZlpv
                0x00082350       0x20 C:\Users\david\AppData\Local\Temp\VMBuilds\eagleSerial\arduino_due_x_dbg\Debug/core.a(USBCore.cpp.o)
 .text._Z14USBD_Availablem
                0x00082370       0x2c C:\Users\david\AppData\Local\Temp\VMBuilds\eagleSerial\arduino_due_x_dbg\Debug/core.a(USBCore.cpp.o)
                0x00082370                USBD_Available(unsigned long)
 .text._Z9USBD_RecvmPvm
                0x0008239c       0x7c C:\Users\david\AppData\Local\Temp\VMBuilds\eagleSerial\arduino_due_x_dbg\Debug/core.a(USBCore.cpp.o)
                0x0008239c                USBD_Recv(unsigned long, void*, unsigned long)
 .text._Z9USBD_Recvm
                0x00082418       0x22 C:\Users\david\AppData\Local\Temp\VMBuilds\eagleSerial\arduino_due_x_dbg\Debug/core.a(USBCore.cpp.o)
                0x00082418                USBD_Recv(unsigned long)
 *fill*         0x0008243a        0x2 
 .text._Z9USBD_SendmPKvm
                0x0008243c       0x4c C:\Users\david\AppData\Local\Temp\VMBuilds\eagleSerial\arduino_due_x_dbg\Debug/core.a(USBCore.cpp.o)
                0x0008243c                USBD_Send(unsigned long, void const*, unsigned long)
 .text._Z16USBD_SendControlhPKvm
                0x00082488       0x40 C:\Users\david\AppData\Local\Temp\VMBuilds\eagleSerial\arduino_due_x_dbg\Debug/core.a(USBCore.cpp.o)
                0x00082488                USBD_SendControl(unsigned char, void const*, unsigned long)
 .text.unlikely._ZL24USB_SendStringDescriptorPKhi
                0x000824c8       0x64 C:\Users\david\AppData\Local\Temp\VMBuilds\eagleSerial\arduino_due_x_dbg\Debug/core.a(USBCore.cpp.o)
 .text._Z16USBD_RecvControlPvm
                0x0008252c       0x1c C:\Users\david\AppData\Local\Temp\VMBuilds\eagleSerial\arduino_due_x_dbg\Debug/core.a(USBCore.cpp.o)
                0x0008252c                USBD_RecvControl(void*, unsigned long)
 .text._Z26USBD_ClassInterfaceRequestR8USBSetup
                0x00082548       0x1e C:\Users\david\AppData\Local\Temp\VMBuilds\eagleSerial\arduino_due_x_dbg\Debug/core.a(USBCore.cpp.o)
                0x00082548                USBD_ClassInterfaceRequest(USBSetup&)
 .text._Z19USBD_SendInterfacesv
                0x00082566       0x22 C:\Users\david\AppData\Local\Temp\VMBuilds\eagleSerial\arduino_due_x_dbg\Debug/core.a(USBCore.cpp.o)
                0x00082566                USBD_SendInterfaces()
 .text._Z24USBD_SendOtherInterfacesv
                0x00082588       0x22 C:\Users\david\AppData\Local\Temp\VMBuilds\eagleSerial\arduino_due_x_dbg\Debug/core.a(USBCore.cpp.o)
                0x00082588                USBD_SendOtherInterfaces()
 .text._Z10USBD_Flushm
                0x000825aa       0x16 C:\Users\david\AppData\Local\Temp\VMBuilds\eagleSerial\arduino_due_x_dbg\Debug/core.a(USBCore.cpp.o)
                0x000825aa                USBD_Flush(unsigned long)
 .text._ZN10USBDevice_C2Ev
                0x000825c0       0x24 C:\Users\david\AppData\Local\Temp\VMBuilds\eagleSerial\arduino_due_x_dbg\Debug/core.a(USBCore.cpp.o)
                0x000825c0                USBDevice_::USBDevice_()
                0x000825c0                USBDevice_::USBDevice_()
 .text._ZN10USBDevice_6attachEv
                0x000825e4       0x20 C:\Users\david\AppData\Local\Temp\VMBuilds\eagleSerial\arduino_due_x_dbg\Debug/core.a(USBCore.cpp.o)
                0x000825e4                USBDevice_::attach()
 .text.startup._GLOBAL__sub_I_EndPoints
                0x00082604        0xc C:\Users\david\AppData\Local\Temp\VMBuilds\eagleSerial\arduino_due_x_dbg\Debug/core.a(USBCore.cpp.o)
 .text._ZL7USB_ISRv
                0x00082610      0x454 C:\Users\david\AppData\Local\Temp\VMBuilds\eagleSerial\arduino_due_x_dbg\Debug/core.a(USBCore.cpp.o)
 .text._ZN7Serial_9availableEv
                0x00082a64       0x18 C:\Users\david\AppData\Local\Temp\VMBuilds\eagleSerial\arduino_due_x_dbg\Debug/core.a(CDC.cpp.o)
                0x00082a64                Serial_::available()
 .text._ZN7Serial_17availableForWriteEv
                0x00082a7c        0x6 C:\Users\david\AppData\Local\Temp\VMBuilds\eagleSerial\arduino_due_x_dbg\Debug/core.a(CDC.cpp.o)
                0x00082a7c                Serial_::availableForWrite()
 *fill*         0x00082a82        0x2 
 .text._ZN7Serial_4peekEv
                0x00082a84       0x20 C:\Users\david\AppData\Local\Temp\VMBuilds\eagleSerial\arduino_due_x_dbg\Debug/core.a(CDC.cpp.o)
                0x00082a84                Serial_::peek()
 .text._ZN7Serial_5writeEh
                0x00082aa4       0x16 C:\Users\david\AppData\Local\Temp\VMBuilds\eagleSerial\arduino_due_x_dbg\Debug/core.a(CDC.cpp.o)
                0x00082aa4                Serial_::write(unsigned char)
 *fill*         0x00082aba        0x2 
 .text._ZN7Serial_4readEv
                0x00082abc       0x44 C:\Users\david\AppData\Local\Temp\VMBuilds\eagleSerial\arduino_due_x_dbg\Debug/core.a(CDC.cpp.o)
                0x00082abc                Serial_::read()
 .text._ZN7Serial_5flushEv
                0x00082b00        0x6 C:\Users\david\AppData\Local\Temp\VMBuilds\eagleSerial\arduino_due_x_dbg\Debug/core.a(CDC.cpp.o)
                0x00082b00                Serial_::flush()
 *fill*         0x00082b06        0x2 
 .text._ZN7Serial_6acceptEv
                0x00082b08       0x70 C:\Users\david\AppData\Local\Temp\VMBuilds\eagleSerial\arduino_due_x_dbg\Debug/core.a(CDC.cpp.o)
                0x00082b08                Serial_::accept()
 .text._ZN7Serial_5writeEPKhj
                0x00082b78       0x2c C:\Users\david\AppData\Local\Temp\VMBuilds\eagleSerial\arduino_due_x_dbg\Debug/core.a(CDC.cpp.o)
                0x00082b78                Serial_::write(unsigned char const*, unsigned int)
 .text._Z16CDC_GetInterfacePh
                0x00082ba4       0x14 C:\Users\david\AppData\Local\Temp\VMBuilds\eagleSerial\arduino_due_x_dbg\Debug/core.a(CDC.cpp.o)
                0x00082ba4                CDC_GetInterface(unsigned char*)
 .text._Z21CDC_GetOtherInterfacePh
                0x00082bb8       0x14 C:\Users\david\AppData\Local\Temp\VMBuilds\eagleSerial\arduino_due_x_dbg\Debug/core.a(CDC.cpp.o)
                0x00082bb8                CDC_GetOtherInterface(unsigned char*)
 .text._Z9CDC_SetupR8USBSetup
                0x00082bcc       0x78 C:\Users\david\AppData\Local\Temp\VMBuilds\eagleSerial\arduino_due_x_dbg\Debug/core.a(CDC.cpp.o)
                0x00082bcc                CDC_Setup(USBSetup&)
 .text.startup._GLOBAL__sub_I_cdc_rx_buffer
                0x00082c44       0x1c C:\Users\david\AppData\Local\Temp\VMBuilds\eagleSerial\arduino_due_x_dbg\Debug/core.a(CDC.cpp.o)
 .text._ZN13PluggableUSB_12getInterfaceEPh
                0x00082c60       0x28 C:\Users\david\AppData\Local\Temp\VMBuilds\eagleSerial\arduino_due_x_dbg\Debug/core.a(PluggableUSB.cpp.o)
                0x00082c60                PluggableUSB_::getInterface(unsigned char*)
 .text._ZN13PluggableUSB_13getDescriptorER8USBSetup
                0x00082c88       0x1c C:\Users\david\AppData\Local\Temp\VMBuilds\eagleSerial\arduino_due_x_dbg\Debug/core.a(PluggableUSB.cpp.o)
                0x00082c88                PluggableUSB_::getDescriptor(USBSetup&)
 .text._ZN13PluggableUSB_12getShortNameEPc
                0x00082ca4       0x1c C:\Users\david\AppData\Local\Temp\VMBuilds\eagleSerial\arduino_due_x_dbg\Debug/core.a(PluggableUSB.cpp.o)
                0x00082ca4                PluggableUSB_::getShortName(char*)
 .text._ZN13PluggableUSB_5setupER8USBSetup
                0x00082cc0       0x20 C:\Users\david\AppData\Local\Temp\VMBuilds\eagleSerial\arduino_due_x_dbg\Debug/core.a(PluggableUSB.cpp.o)
                0x00082cc0                PluggableUSB_::setup(USBSetup&)
 .text._Z12PluggableUSBv
                0x00082ce0       0x28 C:\Users\david\AppData\Local\Temp\VMBuilds\eagleSerial\arduino_due_x_dbg\Debug/core.a(PluggableUSB.cpp.o)
                0x00082ce0                PluggableUSB()
 .text.TimeTick_Increment
                0x00082d08       0x10 C:\Users\david\AppData\Local\arduino15\packages\arduino\hardware\sam\1.6.11\variants\arduino_due_x/libsam_sam3x8e_gcc_rel.a(timetick.o)
                0x00082d08                TimeTick_Increment
 .text.GetTickCount
                0x00082d18        0xc C:\Users\david\AppData\Local\arduino15\packages\arduino\hardware\sam\1.6.11\variants\arduino_due_x/libsam_sam3x8e_gcc_rel.a(timetick.o)
                0x00082d18                GetTickCount
 .text.WDT_Disable
                0x00082d24        0x8 C:\Users\david\AppData\Local\arduino15\packages\arduino\hardware\sam\1.6.11\variants\arduino_due_x/libsam_sam3x8e_gcc_rel.a(wdt.o)
                0x00082d24                WDT_Disable
 .text.UDD_SetStack
                0x00082d2c        0xc C:\Users\david\AppData\Local\arduino15\packages\arduino\hardware\sam\1.6.11\variants\arduino_due_x/libsam_sam3x8e_gcc_rel.a(uotghs_device.o)
                0x00082d2c                UDD_SetStack
 .text.UDD_Init
                0x00082d38       0xd0 C:\Users\david\AppData\Local\arduino15\packages\arduino\hardware\sam\1.6.11\variants\arduino_due_x/libsam_sam3x8e_gcc_rel.a(uotghs_device.o)
                0x00082d38                UDD_Init
 .text.UDD_Attach
                0x00082e08       0x50 C:\Users\david\AppData\Local\arduino15\packages\arduino\hardware\sam\1.6.11\variants\arduino_due_x/libsam_sam3x8e_gcc_rel.a(uotghs_device.o)
                0x00082e08                UDD_Attach
 .text.UDD_InitEP
                0x00082e58       0x2c C:\Users\david\AppData\Local\arduino15\packages\arduino\hardware\sam\1.6.11\variants\arduino_due_x/libsam_sam3x8e_gcc_rel.a(uotghs_device.o)
                0x00082e58                UDD_InitEP
 .text.UDD_InitEndpoints
                0x00082e84       0x3c C:\Users\david\AppData\Local\arduino15\packages\arduino\hardware\sam\1.6.11\variants\arduino_due_x/libsam_sam3x8e_gcc_rel.a(uotghs_device.o)
                0x00082e84                UDD_InitEndpoints
 .text.UDD_WaitIN
                0x00082ec0       0x10 C:\Users\david\AppData\Local\arduino15\packages\arduino\hardware\sam\1.6.11\variants\arduino_due_x/libsam_sam3x8e_gcc_rel.a(uotghs_device.o)
                0x00082ec0                UDD_WaitIN
 .text.UDD_WaitOUT
                0x00082ed0       0x10 C:\Users\david\AppData\Local\arduino15\packages\arduino\hardware\sam\1.6.11\variants\arduino_due_x/libsam_sam3x8e_gcc_rel.a(uotghs_device.o)
                0x00082ed0                UDD_WaitOUT
 .text.UDD_ClearIN
                0x00082ee0       0x18 C:\Users\david\AppData\Local\arduino15\packages\arduino\hardware\sam\1.6.11\variants\arduino_due_x/libsam_sam3x8e_gcc_rel.a(uotghs_device.o)
                0x00082ee0                UDD_ClearIN
 .text.UDD_ClearOUT
                0x00082ef8       0x18 C:\Users\david\AppData\Local\arduino15\packages\arduino\hardware\sam\1.6.11\variants\arduino_due_x/libsam_sam3x8e_gcc_rel.a(uotghs_device.o)
                0x00082ef8                UDD_ClearOUT
 .text.UDD_ReceivedSetupInt
                0x00082f10       0x10 C:\Users\david\AppData\Local\arduino15\packages\arduino\hardware\sam\1.6.11\variants\arduino_due_x/libsam_sam3x8e_gcc_rel.a(uotghs_device.o)
                0x00082f10                UDD_ReceivedSetupInt
 .text.UDD_ClearSetupInt
                0x00082f20       0x10 C:\Users\david\AppData\Local\arduino15\packages\arduino\hardware\sam\1.6.11\variants\arduino_due_x/libsam_sam3x8e_gcc_rel.a(uotghs_device.o)
                0x00082f20                UDD_ClearSetupInt
 .text.UDD_Send
                0x00082f30       0x88 C:\Users\david\AppData\Local\arduino15\packages\arduino\hardware\sam\1.6.11\variants\arduino_due_x/libsam_sam3x8e_gcc_rel.a(uotghs_device.o)
                0x00082f30                UDD_Send
 .text.UDD_Send8
                0x00082fb8       0x24 C:\Users\david\AppData\Local\arduino15\packages\arduino\hardware\sam\1.6.11\variants\arduino_due_x/libsam_sam3x8e_gcc_rel.a(uotghs_device.o)
                0x00082fb8                UDD_Send8
 .text.UDD_Recv8
                0x00082fdc       0x28 C:\Users\david\AppData\Local\arduino15\packages\arduino\hardware\sam\1.6.11\variants\arduino_due_x/libsam_sam3x8e_gcc_rel.a(uotghs_device.o)
                0x00082fdc                UDD_Recv8
 .text.UDD_Recv
                0x00083004       0x34 C:\Users\david\AppData\Local\arduino15\packages\arduino\hardware\sam\1.6.11\variants\arduino_due_x/libsam_sam3x8e_gcc_rel.a(uotghs_device.o)
                0x00083004                UDD_Recv
 .text.UDD_Stall
                0x00083038       0x14 C:\Users\david\AppData\Local\arduino15\packages\arduino\hardware\sam\1.6.11\variants\arduino_due_x/libsam_sam3x8e_gcc_rel.a(uotghs_device.o)
                0x00083038                UDD_Stall
 .text.UDD_FifoByteCount
                0x0008304c       0x14 C:\Users\david\AppData\Local\arduino15\packages\arduino\hardware\sam\1.6.11\variants\arduino_due_x/libsam_sam3x8e_gcc_rel.a(uotghs_device.o)
                0x0008304c                UDD_FifoByteCount
 .text.UDD_ReleaseRX
                0x00083060       0x28 C:\Users\david\AppData\Local\arduino15\packages\arduino\hardware\sam\1.6.11\variants\arduino_due_x/libsam_sam3x8e_gcc_rel.a(uotghs_device.o)
                0x00083060                UDD_ReleaseRX
 .text.UDD_ReleaseTX
                0x00083088       0x28 C:\Users\david\AppData\Local\arduino15\packages\arduino\hardware\sam\1.6.11\variants\arduino_due_x/libsam_sam3x8e_gcc_rel.a(uotghs_device.o)
                0x00083088                UDD_ReleaseTX
 .text.UDD_SetAddress
                0x000830b0       0x20 C:\Users\david\AppData\Local\arduino15\packages\arduino\hardware\sam\1.6.11\variants\arduino_due_x/libsam_sam3x8e_gcc_rel.a(uotghs_device.o)
                0x000830b0                UDD_SetAddress
 .text.atol     0x000830d0        0x8 c:/users/david/appdata/local/arduino15/packages/arduino/tools/arm-none-eabi-gcc/4.8.3-2014q1/bin/../lib/gcc/arm-none-eabi/4.8.3/../../../../arm-none-eabi/lib/armv7-m\libg.a(lib_a-atol.o)
                0x000830d0                atol
 .text.__libc_init_array
                0x000830d8       0x50 c:/users/david/appdata/local/arduino15/packages/arduino/tools/arm-none-eabi-gcc/4.8.3-2014q1/bin/../lib/gcc/arm-none-eabi/4.8.3/../../../../arm-none-eabi/lib/armv7-m\libg.a(lib_a-init.o)
                0x000830d8                __libc_init_array
 .text.iprintf  0x00083128       0x28 c:/users/david/appdata/local/arduino15/packages/arduino/tools/arm-none-eabi-gcc/4.8.3-2014q1/bin/../lib/gcc/arm-none-eabi/4.8.3/../../../../arm-none-eabi/lib/armv7-m\libg.a(lib_a-iprintf.o)
                0x00083128                iprintf
 .text.malloc   0x00083150       0x10 c:/users/david/appdata/local/arduino15/packages/arduino/tools/arm-none-eabi-gcc/4.8.3-2014q1/bin/../lib/gcc/arm-none-eabi/4.8.3/../../../../arm-none-eabi/lib/armv7-m\libg.a(lib_a-malloc.o)
                0x00083150                malloc
 .text.free     0x00083160       0x10 c:/users/david/appdata/local/arduino15/packages/arduino/tools/arm-none-eabi-gcc/4.8.3-2014q1/bin/../lib/gcc/arm-none-eabi/4.8.3/../../../../arm-none-eabi/lib/armv7-m\libg.a(lib_a-malloc.o)
                0x00083160                free
 .text._malloc_r
                0x00083170      0x538 c:/users/david/appdata/local/arduino15/packages/arduino/tools/arm-none-eabi-gcc/4.8.3-2014q1/bin/../lib/gcc/arm-none-eabi/4.8.3/../../../../arm-none-eabi/lib/armv7-m\libg.a(lib_a-mallocr.o)
                0x00083170                _malloc_r
 .text          0x000836a8       0xec c:/users/david/appdata/local/arduino15/packages/arduino/tools/arm-none-eabi-gcc/4.8.3-2014q1/bin/../lib/gcc/arm-none-eabi/4.8.3/../../../../arm-none-eabi/lib/armv7-m\libg.a(lib_a-memcpy.o)
                0x000836a8                memcpy
 .text.memmove  0x00083794       0xcc c:/users/david/appdata/local/arduino15/packages/arduino/tools/arm-none-eabi-gcc/4.8.3-2014q1/bin/../lib/gcc/arm-none-eabi/4.8.3/../../../../arm-none-eabi/lib/armv7-m\libg.a(lib_a-memmove.o)
                0x00083794                memmove
 .text.memset   0x00083860       0x94 c:/users/david/appdata/local/arduino15/packages/arduino/tools/arm-none-eabi-gcc/4.8.3-2014q1/bin/../lib/gcc/arm-none-eabi/4.8.3/../../../../arm-none-eabi/lib/armv7-m\libg.a(lib_a-memset.o)
                0x00083860                memset
 .text.__malloc_lock
                0x000838f4        0x4 c:/users/david/appdata/local/arduino15/packages/arduino/tools/arm-none-eabi-gcc/4.8.3-2014q1/bin/../lib/gcc/arm-none-eabi/4.8.3/../../../../arm-none-eabi/lib/armv7-m\libg.a(lib_a-mlock.o)
                0x000838f4                __malloc_lock
 .text.__malloc_unlock
                0x000838f8        0x4 c:/users/david/appdata/local/arduino15/packages/arduino/tools/arm-none-eabi-gcc/4.8.3-2014q1/bin/../lib/gcc/arm-none-eabi/4.8.3/../../../../arm-none-eabi/lib/armv7-m\libg.a(lib_a-mlock.o)
                0x000838f8                __malloc_unlock
 .text.realloc  0x000838fc       0x10 c:/users/david/appdata/local/arduino15/packages/arduino/tools/arm-none-eabi-gcc/4.8.3-2014q1/bin/../lib/gcc/arm-none-eabi/4.8.3/../../../../arm-none-eabi/lib/armv7-m\libg.a(lib_a-realloc.o)
                0x000838fc                realloc
 .text._realloc_r
                0x0008390c      0x3c0 c:/users/david/appdata/local/arduino15/packages/arduino/tools/arm-none-eabi-gcc/4.8.3-2014q1/bin/../lib/gcc/arm-none-eabi/4.8.3/../../../../arm-none-eabi/lib/armv7-m\libg.a(lib_a-reallocr.o)
                0x0008390c                _realloc_r
 .text._sbrk_r  0x00083ccc       0x24 c:/users/david/appdata/local/arduino15/packages/arduino/tools/arm-none-eabi-gcc/4.8.3-2014q1/bin/../lib/gcc/arm-none-eabi/4.8.3/../../../../arm-none-eabi/lib/armv7-m\libg.a(lib_a-sbrkr.o)
                0x00083ccc                _sbrk_r
 .text          0x00083cf0      0x23c c:/users/david/appdata/local/arduino15/packages/arduino/tools/arm-none-eabi-gcc/4.8.3-2014q1/bin/../lib/gcc/arm-none-eabi/4.8.3/../../../../arm-none-eabi/lib/armv7-m\libg.a(lib_a-strcmp.o)
                0x00083cf0                strcmp
 .text.strcpy   0x00083f2c       0xbc c:/users/david/appdata/local/arduino15/packages/arduino/tools/arm-none-eabi-gcc/4.8.3-2014q1/bin/../lib/gcc/arm-none-eabi/4.8.3/../../../../arm-none-eabi/lib/armv7-m\libg.a(lib_a-strcpy.o)
                0x00083f2c                strcpy
 .text.strlen   0x00083fe8       0x60 c:/users/david/appdata/local/arduino15/packages/arduino/tools/arm-none-eabi-gcc/4.8.3-2014q1/bin/../lib/gcc/arm-none-eabi/4.8.3/../../../../arm-none-eabi/lib/armv7-m\libg.a(lib_a-strlen.o)
                0x00083fe8                strlen
 .text._strtol_r
                0x00084048      0x114 c:/users/david/appdata/local/arduino15/packages/arduino/tools/arm-none-eabi-gcc/4.8.3-2014q1/bin/../lib/gcc/arm-none-eabi/4.8.3/../../../../arm-none-eabi/lib/armv7-m\libg.a(lib_a-strtol.o)
                0x00084048                _strtol_r
 .text.strtol   0x0008415c       0x18 c:/users/david/appdata/local/arduino15/packages/arduino/tools/arm-none-eabi-gcc/4.8.3-2014q1/bin/../lib/gcc/arm-none-eabi/4.8.3/../../../../arm-none-eabi/lib/armv7-m\libg.a(lib_a-strtol.o)
                0x0008415c                strtol
 .text.kill     0x00084174       0x10 c:/users/david/appdata/local/arduino15/packages/arduino/tools/arm-none-eabi-gcc/4.8.3-2014q1/bin/../lib/gcc/arm-none-eabi/4.8.3/../../../../arm-none-eabi/lib/armv7-m\libg.a(lib_a-syskill.o)
                0x00084174                kill
 .text.__sprint_r.part.0
                0x00084184       0x78 c:/users/david/appdata/local/arduino15/packages/arduino/tools/arm-none-eabi-gcc/4.8.3-2014q1/bin/../lib/gcc/arm-none-eabi/4.8.3/../../../../arm-none-eabi/lib/armv7-m\libg.a(lib_a-vfiprintf.o)
 .text._vfiprintf_r
                0x000841fc      0xc54 c:/users/david/appdata/local/arduino15/packages/arduino/tools/arm-none-eabi-gcc/4.8.3-2014q1/bin/../lib/gcc/arm-none-eabi/4.8.3/../../../../arm-none-eabi/lib/armv7-m\libg.a(lib_a-vfiprintf.o)
                0x000841fc                _vfiprintf_r
 .text.__sbprintf
                0x00084e50       0x7c c:/users/david/appdata/local/arduino15/packages/arduino/tools/arm-none-eabi-gcc/4.8.3-2014q1/bin/../lib/gcc/arm-none-eabi/4.8.3/../../../../arm-none-eabi/lib/armv7-m\libg.a(lib_a-vfiprintf.o)
 .text.__swsetup_r
                0x00084ecc       0xc4 c:/users/david/appdata/local/arduino15/packages/arduino/tools/arm-none-eabi-gcc/4.8.3-2014q1/bin/../lib/gcc/arm-none-eabi/4.8.3/../../../../arm-none-eabi/lib/armv7-m\libg.a(lib_a-wsetup.o)
                0x00084ecc                __swsetup_r
 .text.startup.register_fini
                0x00084f90       0x14 c:/users/david/appdata/local/arduino15/packages/arduino/tools/arm-none-eabi-gcc/4.8.3-2014q1/bin/../lib/gcc/arm-none-eabi/4.8.3/../../../../arm-none-eabi/lib/armv7-m\libg.a(lib_a-__call_atexit.o)
 .text.atexit   0x00084fa4        0xc c:/users/david/appdata/local/arduino15/packages/arduino/tools/arm-none-eabi-gcc/4.8.3-2014q1/bin/../lib/gcc/arm-none-eabi/4.8.3/../../../../arm-none-eabi/lib/armv7-m\libg.a(lib_a-atexit.o)
                0x00084fa4                atexit
 .text.__sflush_r
                0x00084fb0      0x148 c:/users/david/appdata/local/arduino15/packages/arduino/tools/arm-none-eabi-gcc/4.8.3-2014q1/bin/../lib/gcc/arm-none-eabi/4.8.3/../../../../arm-none-eabi/lib/armv7-m\libg.a(lib_a-fflush.o)
                0x00084fb0                __sflush_r
 .text._fflush_r
                0x000850f8       0x2c c:/users/david/appdata/local/arduino15/packages/arduino/tools/arm-none-eabi-gcc/4.8.3-2014q1/bin/../lib/gcc/arm-none-eabi/4.8.3/../../../../arm-none-eabi/lib/armv7-m\libg.a(lib_a-fflush.o)
                0x000850f8                _fflush_r
 .text._cleanup_r
                0x00085124        0xc c:/users/david/appdata/local/arduino15/packages/arduino/tools/arm-none-eabi-gcc/4.8.3-2014q1/bin/../lib/gcc/arm-none-eabi/4.8.3/../../../../arm-none-eabi/lib/armv7-m\libg.a(lib_a-findfp.o)
                0x00085124                _cleanup_r
 .text.__sinit  0x00085130       0xf4 c:/users/david/appdata/local/arduino15/packages/arduino/tools/arm-none-eabi-gcc/4.8.3-2014q1/bin/../lib/gcc/arm-none-eabi/4.8.3/../../../../arm-none-eabi/lib/armv7-m\libg.a(lib_a-findfp.o)
                0x00085130                __sinit
 .text.__sfp_lock_acquire
                0x00085224        0x4 c:/users/david/appdata/local/arduino15/packages/arduino/tools/arm-none-eabi-gcc/4.8.3-2014q1/bin/../lib/gcc/arm-none-eabi/4.8.3/../../../../arm-none-eabi/lib/armv7-m\libg.a(lib_a-findfp.o)
                0x00085224                __sfp_lock_acquire
 .text.__sfp_lock_release
                0x00085228        0x4 c:/users/david/appdata/local/arduino15/packages/arduino/tools/arm-none-eabi-gcc/4.8.3-2014q1/bin/../lib/gcc/arm-none-eabi/4.8.3/../../../../arm-none-eabi/lib/armv7-m\libg.a(lib_a-findfp.o)
                0x00085228                __sfp_lock_release
 .text.__libc_fini_array
                0x0008522c       0x30 c:/users/david/appdata/local/arduino15/packages/arduino/tools/arm-none-eabi-gcc/4.8.3-2014q1/bin/../lib/gcc/arm-none-eabi/4.8.3/../../../../arm-none-eabi/lib/armv7-m\libg.a(lib_a-fini.o)
                0x0008522c                __libc_fini_array
 .text._fputwc_r
                0x0008525c       0xc0 c:/users/david/appdata/local/arduino15/packages/arduino/tools/arm-none-eabi-gcc/4.8.3-2014q1/bin/../lib/gcc/arm-none-eabi/4.8.3/../../../../arm-none-eabi/lib/armv7-m\libg.a(lib_a-fputwc.o)
                0x0008525c                _fputwc_r
 .text._malloc_trim_r
                0x0008531c       0x9c c:/users/david/appdata/local/arduino15/packages/arduino/tools/arm-none-eabi-gcc/4.8.3-2014q1/bin/../lib/gcc/arm-none-eabi/4.8.3/../../../../arm-none-eabi/lib/armv7-m\libg.a(lib_a-freer.o)
                0x0008531c                _malloc_trim_r
 .text._free_r  0x000853b8      0x198 c:/users/david/appdata/local/arduino15/packages/arduino/tools/arm-none-eabi-gcc/4.8.3-2014q1/bin/../lib/gcc/arm-none-eabi/4.8.3/../../../../arm-none-eabi/lib/armv7-m\libg.a(lib_a-freer.o)
                0x000853b8                _free_r
 .text.__sfvwrite_r
                0x00085550      0x314 c:/users/david/appdata/local/arduino15/packages/arduino/tools/arm-none-eabi-gcc/4.8.3-2014q1/bin/../lib/gcc/arm-none-eabi/4.8.3/../../../../arm-none-eabi/lib/armv7-m\libg.a(lib_a-fvwrite.o)
                0x00085550                __sfvwrite_r
 .text._fwalk   0x00085864       0x48 c:/users/david/appdata/local/arduino15/packages/arduino/tools/arm-none-eabi-gcc/4.8.3-2014q1/bin/../lib/gcc/arm-none-eabi/4.8.3/../../../../arm-none-eabi/lib/armv7-m\libg.a(lib_a-fwalk.o)
                0x00085864                _fwalk
 .text.__locale_charset
                0x000858ac        0x8 c:/users/david/appdata/local/arduino15/packages/arduino/tools/arm-none-eabi-gcc/4.8.3-2014q1/bin/../lib/gcc/arm-none-eabi/4.8.3/../../../../arm-none-eabi/lib/armv7-m\libg.a(lib_a-locale.o)
                0x000858ac                __locale_charset
 .text.__locale_mb_cur_max
                0x000858b4        0xc c:/users/david/appdata/local/arduino15/packages/arduino/tools/arm-none-eabi-gcc/4.8.3-2014q1/bin/../lib/gcc/arm-none-eabi/4.8.3/../../../../arm-none-eabi/lib/armv7-m\libg.a(lib_a-locale.o)
                0x000858b4                __locale_mb_cur_max
 .text.__smakebuf_r
                0x000858c0       0xe0 c:/users/david/appdata/local/arduino15/packages/arduino/tools/arm-none-eabi-gcc/4.8.3-2014q1/bin/../lib/gcc/arm-none-eabi/4.8.3/../../../../arm-none-eabi/lib/armv7-m\libg.a(lib_a-makebuf.o)
                0x000858c0                __smakebuf_r
 .text.memchr   0x000859a0       0x94 c:/users/david/appdata/local/arduino15/packages/arduino/tools/arm-none-eabi-gcc/4.8.3-2014q1/bin/../lib/gcc/arm-none-eabi/4.8.3/../../../../arm-none-eabi/lib/armv7-m\libg.a(lib_a-memchr-stub.o)
                0x000859a0                memchr
 .text._kill_r  0x00085a34       0x28 c:/users/david/appdata/local/arduino15/packages/arduino/tools/arm-none-eabi-gcc/4.8.3-2014q1/bin/../lib/gcc/arm-none-eabi/4.8.3/../../../../arm-none-eabi/lib/armv7-m\libg.a(lib_a-signalr.o)
                0x00085a34                _kill_r
 .text.__sread  0x00085a5c       0x24 c:/users/david/appdata/local/arduino15/packages/arduino/tools/arm-none-eabi-gcc/4.8.3-2014q1/bin/../lib/gcc/arm-none-eabi/4.8.3/../../../../arm-none-eabi/lib/armv7-m\libg.a(lib_a-stdio.o)
                0x00085a5c                __sread
 .text.__swrite
                0x00085a80       0x38 c:/users/david/appdata/local/arduino15/packages/arduino/tools/arm-none-eabi-gcc/4.8.3-2014q1/bin/../lib/gcc/arm-none-eabi/4.8.3/../../../../arm-none-eabi/lib/armv7-m\libg.a(lib_a-stdio.o)
                0x00085a80                __swrite
 .text.__sseek  0x00085ab8       0x20 c:/users/david/appdata/local/arduino15/packages/arduino/tools/arm-none-eabi-gcc/4.8.3-2014q1/bin/../lib/gcc/arm-none-eabi/4.8.3/../../../../arm-none-eabi/lib/armv7-m\libg.a(lib_a-stdio.o)
                0x00085ab8                __sseek
 .text.__sclose
                0x00085ad8        0x8 c:/users/david/appdata/local/arduino15/packages/arduino/tools/arm-none-eabi-gcc/4.8.3-2014q1/bin/../lib/gcc/arm-none-eabi/4.8.3/../../../../arm-none-eabi/lib/armv7-m\libg.a(lib_a-stdio.o)
                0x00085ad8                __sclose
 .text.__swbuf_r
                0x00085ae0       0xa8 c:/users/david/appdata/local/arduino15/packages/arduino/tools/arm-none-eabi-gcc/4.8.3-2014q1/bin/../lib/gcc/arm-none-eabi/4.8.3/../../../../arm-none-eabi/lib/armv7-m\libg.a(lib_a-wbuf.o)
                0x00085ae0                __swbuf_r
 .text._wcrtomb_r
                0x00085b88       0x50 c:/users/david/appdata/local/arduino15/packages/arduino/tools/arm-none-eabi-gcc/4.8.3-2014q1/bin/../lib/gcc/arm-none-eabi/4.8.3/../../../../arm-none-eabi/lib/armv7-m\libg.a(lib_a-wcrtomb.o)
                0x00085b88                _wcrtomb_r
 .text.__ascii_wctomb
                0x00085bd8       0x1c c:/users/david/appdata/local/arduino15/packages/arduino/tools/arm-none-eabi-gcc/4.8.3-2014q1/bin/../lib/gcc/arm-none-eabi/4.8.3/../../../../arm-none-eabi/lib/armv7-m\libg.a(lib_a-wctomb_r.o)
                0x00085bd8                __ascii_wctomb
 .text._write_r
                0x00085bf4       0x28 c:/users/david/appdata/local/arduino15/packages/arduino/tools/arm-none-eabi-gcc/4.8.3-2014q1/bin/../lib/gcc/arm-none-eabi/4.8.3/../../../../arm-none-eabi/lib/armv7-m\libg.a(lib_a-writer.o)
                0x00085bf4                _write_r
 .text.__register_exitproc
                0x00085c1c       0xa8 c:/users/david/appdata/local/arduino15/packages/arduino/tools/arm-none-eabi-gcc/4.8.3-2014q1/bin/../lib/gcc/arm-none-eabi/4.8.3/../../../../arm-none-eabi/lib/armv7-m\libg.a(lib_a-__atexit.o)
                0x00085c1c                __register_exitproc
 .text._close_r
                0x00085cc4       0x24 c:/users/david/appdata/local/arduino15/packages/arduino/tools/arm-none-eabi-gcc/4.8.3-2014q1/bin/../lib/gcc/arm-none-eabi/4.8.3/../../../../arm-none-eabi/lib/armv7-m\libg.a(lib_a-closer.o)
                0x00085cc4                _close_r
 .text._fclose_r
                0x00085ce8       0x80 c:/users/david/appdata/local/arduino15/packages/arduino/tools/arm-none-eabi-gcc/4.8.3-2014q1/bin/../lib/gcc/arm-none-eabi/4.8.3/../../../../arm-none-eabi/lib/armv7-m\libg.a(lib_a-fclose.o)
                0x00085ce8                _fclose_r
 .text.fclose   0x00085d68       0x10 c:/users/david/appdata/local/arduino15/packages/arduino/tools/arm-none-eabi-gcc/4.8.3-2014q1/bin/../lib/gcc/arm-none-eabi/4.8.3/../../../../arm-none-eabi/lib/armv7-m\libg.a(lib_a-fclose.o)
                0x00085d68                fclose
 .text._fstat_r
                0x00085d78       0x28 c:/users/david/appdata/local/arduino15/packages/arduino/tools/arm-none-eabi-gcc/4.8.3-2014q1/bin/../lib/gcc/arm-none-eabi/4.8.3/../../../../arm-none-eabi/lib/armv7-m\libg.a(lib_a-fstatr.o)
                0x00085d78                _fstat_r
 .text._isatty_r
                0x00085da0       0x24 c:/users/david/appdata/local/arduino15/packages/arduino/tools/arm-none-eabi-gcc/4.8.3-2014q1/bin/../lib/gcc/arm-none-eabi/4.8.3/../../../../arm-none-eabi/lib/armv7-m\libg.a(lib_a-isattyr.o)
                0x00085da0                _isatty_r
 .text._lseek_r
                0x00085dc4       0x28 c:/users/david/appdata/local/arduino15/packages/arduino/tools/arm-none-eabi-gcc/4.8.3-2014q1/bin/../lib/gcc/arm-none-eabi/4.8.3/../../../../arm-none-eabi/lib/armv7-m\libg.a(lib_a-lseekr.o)
                0x00085dc4                _lseek_r
 .text._read_r  0x00085dec       0x28 c:/users/david/appdata/local/arduino15/packages/arduino/tools/arm-none-eabi-gcc/4.8.3-2014q1/bin/../lib/gcc/arm-none-eabi/4.8.3/../../../../arm-none-eabi/lib/armv7-m\libg.a(lib_a-readr.o)
                0x00085dec                _read_r
 .text          0x00085e14       0x2c c:/users/david/appdata/local/arduino15/packages/arduino/tools/arm-none-eabi-gcc/4.8.3-2014q1/bin/../lib/gcc/arm-none-eabi/4.8.3/armv7-m\libgcc.a(_aeabi_uldivmod.o)
                0x00085e14                __aeabi_uldivmod
 .text          0x00085e40       0x60 c:/users/david/appdata/local/arduino15/packages/arduino/tools/arm-none-eabi-gcc/4.8.3-2014q1/bin/../lib/gcc/arm-none-eabi/4.8.3/armv7-m\libgcc.a(bpabi.o)
                0x00085e40                __gnu_ldivmod_helper
                0x00085e70                __gnu_uldivmod_helper
 .text          0x00085ea0        0x4 c:/users/david/appdata/local/arduino15/packages/arduino/tools/arm-none-eabi-gcc/4.8.3-2014q1/bin/../lib/gcc/arm-none-eabi/4.8.3/armv7-m\libgcc.a(_dvmd_tls.o)
                0x00085ea0                __aeabi_idiv0
                0x00085ea0                __aeabi_ldiv0
 .text          0x00085ea4      0x2a0 c:/users/david/appdata/local/arduino15/packages/arduino/tools/arm-none-eabi-gcc/4.8.3-2014q1/bin/../lib/gcc/arm-none-eabi/4.8.3/armv7-m\libgcc.a(_divdi3.o)
                0x00085ea4                __divdi3
 .text          0x00086144      0x290 c:/users/david/appdata/local/arduino15/packages/arduino/tools/arm-none-eabi-gcc/4.8.3-2014q1/bin/../lib/gcc/arm-none-eabi/4.8.3/armv7-m\libgcc.a(_udivdi3.o)
                0x00086144                __udivdi3
 *(.glue_7t)
 .glue_7t       0x00000000        0x0 linker stubs
 *(.glue_7)
 .glue_7        0x00000000        0x0 linker stubs
 *(.rodata .rodata* .gnu.linkonce.r.*)
 .rodata.str1.1
                0x000863d4      0x653 C:\Users\david\AppData\Local\Temp\VMBuilds\eagleSerial\arduino_due_x_dbg\Debug\eagleSerial.cpp.o
                                0x654 (size before relaxing)
 .rodata        0x00086a27       0xaa C:\Users\david\AppData\Local\Temp\VMBuilds\eagleSerial\arduino_due_x_dbg\Debug\IcarusXbee\IcarusXbee.cpp.o
 .rodata.str1.1
                0x00086ad1       0x44 C:\Users\david\AppData\Local\Temp\VMBuilds\eagleSerial\arduino_due_x_dbg\Debug\IcarusXbee\IcarusXbee.cpp.o
 *fill*         0x00086b15        0x3 
 .rodata._ZTV11ZBTxRequest
                0x00086b18       0x10 C:\Users\david\AppData\Local\Temp\VMBuilds\eagleSerial\arduino_due_x_dbg\Debug\xbee-arduino-master\XBee.cpp.o
                0x00086b18                vtable for ZBTxRequest
 .rodata._ZTV12ZBRxResponse
                0x00086b28       0x10 C:\Users\david\AppData\Local\Temp\VMBuilds\eagleSerial\arduino_due_x_dbg\Debug\xbee-arduino-master\XBee.cpp.o
                0x00086b28                vtable for ZBRxResponse
 .rodata.g_APinDescription
                0x00086b38      0xa2c C:\Users\david\AppData\Local\Temp\VMBuilds\eagleSerial\arduino_due_x_dbg\Debug\variant\variant.cpp.o
                0x00086b38                g_APinDescription
 .rodata        0x00087564       0x40 C:\Users\david\AppData\Local\arduino15\packages\arduino\hardware\sam\1.6.11\variants\arduino_due_x/libsam_sam3x8e_gcc_rel.a(adc.o)
 .rodata.str1.1
                0x000875a4       0x19 C:\Users\david\AppData\Local\Temp\VMBuilds\eagleSerial\arduino_due_x_dbg\Debug/core.a(syscalls_sam3.c.o)
 .rodata.str1.1
                0x000875bd        0xf C:\Users\david\AppData\Local\Temp\VMBuilds\eagleSerial\arduino_due_x_dbg\Debug/core.a(Print.cpp.o)
 .rodata.str1.1
                0x00000000        0x1 C:\Users\david\AppData\Local\Temp\VMBuilds\eagleSerial\arduino_due_x_dbg\Debug/core.a(Stream.cpp.o)
 *fill*         0x000875cc        0x4 
 .rodata._ZTV9UARTClass
                0x000875d0       0x30 C:\Users\david\AppData\Local\Temp\VMBuilds\eagleSerial\arduino_due_x_dbg\Debug/core.a(UARTClass.cpp.o)
                0x000875d0                vtable for UARTClass
 .rodata._ZTV10USARTClass
                0x00087600       0x30 C:\Users\david\AppData\Local\Temp\VMBuilds\eagleSerial\arduino_due_x_dbg\Debug/core.a(USARTClass.cpp.o)
                0x00087600                vtable for USARTClass
 .rodata.STRING_PRODUCT
                0x00087630        0xc C:\Users\david\AppData\Local\Temp\VMBuilds\eagleSerial\arduino_due_x_dbg\Debug/core.a(USBCore.cpp.o)
                0x00087630                STRING_PRODUCT
 .rodata.USB_DeviceDescriptor
                0x0008763c       0x12 C:\Users\david\AppData\Local\Temp\VMBuilds\eagleSerial\arduino_due_x_dbg\Debug/core.a(USBCore.cpp.o)
                0x0008763c                USB_DeviceDescriptor
 .rodata.STRING_LANGUAGE
                0x0008764e        0x4 C:\Users\david\AppData\Local\Temp\VMBuilds\eagleSerial\arduino_due_x_dbg\Debug/core.a(USBCore.cpp.o)
                0x0008764e                STRING_LANGUAGE
 .rodata._ZL18test_packet_buffer
                0x00087652       0x35 C:\Users\david\AppData\Local\Temp\VMBuilds\eagleSerial\arduino_due_x_dbg\Debug/core.a(USBCore.cpp.o)
 .rodata.STRING_MANUFACTURER
                0x00087687        0xc C:\Users\david\AppData\Local\Temp\VMBuilds\eagleSerial\arduino_due_x_dbg\Debug/core.a(USBCore.cpp.o)
                0x00087687                STRING_MANUFACTURER
 .rodata.USB_DeviceDescriptorA
                0x00087693       0x12 C:\Users\david\AppData\Local\Temp\VMBuilds\eagleSerial\arduino_due_x_dbg\Debug/core.a(USBCore.cpp.o)
                0x00087693                USB_DeviceDescriptorA
 .rodata._ZL19USB_DeviceQualifier
                0x000876a5        0x9 C:\Users\david\AppData\Local\Temp\VMBuilds\eagleSerial\arduino_due_x_dbg\Debug/core.a(USBCore.cpp.o)
 *fill*         0x000876ae        0x2 
 .rodata._ZTV7Serial_
                0x000876b0       0x28 C:\Users\david\AppData\Local\Temp\VMBuilds\eagleSerial\arduino_due_x_dbg\Debug/core.a(CDC.cpp.o)
                0x000876b0                vtable for Serial_
 .rodata._ZL18_cdcOtherInterface
                0x000876d8       0x42 C:\Users\david\AppData\Local\Temp\VMBuilds\eagleSerial\arduino_due_x_dbg\Debug/core.a(CDC.cpp.o)
 .rodata._ZL13_cdcInterface
                0x0008771a       0x42 C:\Users\david\AppData\Local\Temp\VMBuilds\eagleSerial\arduino_due_x_dbg\Debug/core.a(CDC.cpp.o)
 .rodata.str1.4
                0x0008775c        0x2 c:/users/david/appdata/local/arduino15/packages/arduino/tools/arm-none-eabi-gcc/4.8.3-2014q1/bin/../lib/gcc/arm-none-eabi/4.8.3/../../../../arm-none-eabi/lib/armv7-m\libg.a(lib_a-impure.o)
                                  0x4 (size before relaxing)
 *fill*         0x0008775e        0x2 
 .rodata._global_impure_ptr
                0x00087760        0x4 c:/users/david/appdata/local/arduino15/packages/arduino/tools/arm-none-eabi-gcc/4.8.3-2014q1/bin/../lib/gcc/arm-none-eabi/4.8.3/../../../../arm-none-eabi/lib/armv7-m\libg.a(lib_a-impure.o)
                0x00087760                _global_impure_ptr
 .rodata.blanks.6717
                0x00087764       0x10 c:/users/david/appdata/local/arduino15/packages/arduino/tools/arm-none-eabi-gcc/4.8.3-2014q1/bin/../lib/gcc/arm-none-eabi/4.8.3/../../../../arm-none-eabi/lib/armv7-m\libg.a(lib_a-vfiprintf.o)
 .rodata.str1.4
                0x00087774       0x30 c:/users/david/appdata/local/arduino15/packages/arduino/tools/arm-none-eabi-gcc/4.8.3-2014q1/bin/../lib/gcc/arm-none-eabi/4.8.3/../../../../arm-none-eabi/lib/armv7-m\libg.a(lib_a-vfiprintf.o)
 .rodata.zeroes.6718
                0x000877a4       0x10 c:/users/david/appdata/local/arduino15/packages/arduino/tools/arm-none-eabi-gcc/4.8.3-2014q1/bin/../lib/gcc/arm-none-eabi/4.8.3/../../../../arm-none-eabi/lib/armv7-m\libg.a(lib_a-vfiprintf.o)
 .rodata._ctype_
                0x000877b4      0x104 c:/users/david/appdata/local/arduino15/packages/arduino/tools/arm-none-eabi-gcc/4.8.3-2014q1/bin/../lib/gcc/arm-none-eabi/4.8.3/../../../../arm-none-eabi/lib/armv7-m\libg.a(lib_a-ctype_.o)
                0x000877b4                _ctype_
 *(.ARM.extab* .gnu.linkonce.armextab.*)
                0x000878b8                . = ALIGN (0x4)
 *(.init)
 .init          0x000878b8        0x4 c:/users/david/appdata/local/arduino15/packages/arduino/tools/arm-none-eabi-gcc/4.8.3-2014q1/bin/../lib/gcc/arm-none-eabi/4.8.3/armv7-m/crti.o
                0x000878b8                _init
 .init          0x000878bc        0x8 c:/users/david/appdata/local/arduino15/packages/arduino/tools/arm-none-eabi-gcc/4.8.3-2014q1/bin/../lib/gcc/arm-none-eabi/4.8.3/armv7-m/crtn.o
                0x000878c4                . = ALIGN (0x4)
                0x000878c4                __preinit_array_start = .
 *(.preinit_array)
                0x000878c4                __preinit_array_end = .
                0x000878c4                . = ALIGN (0x4)
                0x000878c4                __init_array_start = .
 *(SORT(.init_array.*))
 .init_array.00000
                0x000878c4        0x4 c:/users/david/appdata/local/arduino15/packages/arduino/tools/arm-none-eabi-gcc/4.8.3-2014q1/bin/../lib/gcc/arm-none-eabi/4.8.3/../../../../arm-none-eabi/lib/armv7-m\libg.a(lib_a-__call_atexit.o)
 *(.init_array)
 .init_array    0x000878c8        0x4 c:/users/david/appdata/local/arduino15/packages/arduino/tools/arm-none-eabi-gcc/4.8.3-2014q1/bin/../lib/gcc/arm-none-eabi/4.8.3/armv7-m/crtbegin.o
 .init_array    0x000878cc        0x4 C:\Users\david\AppData\Local\Temp\VMBuilds\eagleSerial\arduino_due_x_dbg\Debug\eagleSerial.cpp.o
 .init_array    0x000878d0        0x4 C:\Users\david\AppData\Local\Temp\VMBuilds\eagleSerial\arduino_due_x_dbg\Debug\variant\variant.cpp.o
 .init_array    0x000878d4        0x4 C:\Users\david\AppData\Local\Temp\VMBuilds\eagleSerial\arduino_due_x_dbg\Debug/core.a(USBCore.cpp.o)
 .init_array    0x000878d8        0x4 C:\Users\david\AppData\Local\Temp\VMBuilds\eagleSerial\arduino_due_x_dbg\Debug/core.a(CDC.cpp.o)
                0x000878dc                __init_array_end = .
                0x000878dc                . = ALIGN (0x4)
 *crtbegin.o(.ctors)
 *(EXCLUDE_FILE(*crtend.o) .ctors)
 *(SORT(.ctors.*))
 *crtend.o(.ctors)
                0x000878dc                . = ALIGN (0x4)
 *(.fini)
 .fini          0x000878dc        0x4 c:/users/david/appdata/local/arduino15/packages/arduino/tools/arm-none-eabi-gcc/4.8.3-2014q1/bin/../lib/gcc/arm-none-eabi/4.8.3/armv7-m/crti.o
                0x000878dc                _fini
 .fini          0x000878e0        0x8 c:/users/david/appdata/local/arduino15/packages/arduino/tools/arm-none-eabi-gcc/4.8.3-2014q1/bin/../lib/gcc/arm-none-eabi/4.8.3/armv7-m/crtn.o
                0x000878e8                . = ALIGN (0x4)
                0x000878e8                __fini_array_start = .
 *(.fini_array)
 .fini_array    0x000878e8        0x4 c:/users/david/appdata/local/arduino15/packages/arduino/tools/arm-none-eabi-gcc/4.8.3-2014q1/bin/../lib/gcc/arm-none-eabi/4.8.3/armv7-m/crtbegin.o
 *(SORT(.fini_array.*))
                0x000878ec                __fini_array_end = .
 *crtbegin.o(.dtors)
 *(EXCLUDE_FILE(*crtend.o) .dtors)
 *(SORT(.dtors.*))
 *crtend.o(.dtors)
                0x000878ec                . = ALIGN (0x4)
                0x000878ec                _efixed = .
                0x000878ec                PROVIDE (__exidx_start, .)

.vfp11_veneer   0x000878ec        0x0
 .vfp11_veneer  0x00000000        0x0 linker stubs

.v4_bx          0x000878ec        0x0
 .v4_bx         0x00000000        0x0 linker stubs

.iplt           0x000878ec        0x0
 .iplt          0x00000000        0x0 c:/users/david/appdata/local/arduino15/packages/arduino/tools/arm-none-eabi-gcc/4.8.3-2014q1/bin/../lib/gcc/arm-none-eabi/4.8.3/armv7-m/crtbegin.o

.ARM.exidx      0x000878ec        0x8
 *(.ARM.exidx* .gnu.linkonce.armexidx.*)
 .ARM.exidx     0x000878ec        0x8 c:/users/david/appdata/local/arduino15/packages/arduino/tools/arm-none-eabi-gcc/4.8.3-2014q1/bin/../lib/gcc/arm-none-eabi/4.8.3/armv7-m\libgcc.a(_divdi3.o)
 .ARM.exidx     0x000878f4        0x0 c:/users/david/appdata/local/arduino15/packages/arduino/tools/arm-none-eabi-gcc/4.8.3-2014q1/bin/../lib/gcc/arm-none-eabi/4.8.3/armv7-m\libgcc.a(_udivdi3.o)
                                  0x8 (size before relaxing)
                0x000878f4                PROVIDE (__exidx_end, .)

.eh_frame       0x000878f4        0x0
 .eh_frame      0x000878f4        0x0 c:/users/david/appdata/local/arduino15/packages/arduino/tools/arm-none-eabi-gcc/4.8.3-2014q1/bin/../lib/gcc/arm-none-eabi/4.8.3/armv7-m/crtbegin.o

.rel.dyn        0x000878f4        0x0
 .rel.iplt      0x00000000        0x0 c:/users/david/appdata/local/arduino15/packages/arduino/tools/arm-none-eabi-gcc/4.8.3-2014q1/bin/../lib/gcc/arm-none-eabi/4.8.3/armv7-m/crtbegin.o

.jcr            0x000878f4        0x0
 .jcr           0x000878f4        0x0 c:/users/david/appdata/local/arduino15/packages/arduino/tools/arm-none-eabi-gcc/4.8.3-2014q1/bin/../lib/gcc/arm-none-eabi/4.8.3/armv7-m/crtbegin.o

.igot.plt       0x000878f4        0x0
 .igot.plt      0x00000000        0x0 c:/users/david/appdata/local/arduino15/packages/arduino/tools/arm-none-eabi-gcc/4.8.3-2014q1/bin/../lib/gcc/arm-none-eabi/4.8.3/armv7-m/crtbegin.o
                0x000878f4                . = ALIGN (0x4)
                0x000878f4                _etext = .

.relocate       0x20070000      0x8d8 load address 0x000878f4
                0x20070000                . = ALIGN (0x4)
                0x20070000                _srelocate = .
 *(.ramfunc .ramfunc.*)
 .ramfunc       0x20070000       0x2c C:\Users\david\AppData\Local\Temp\VMBuilds\eagleSerial\arduino_due_x_dbg\Debug/core.a(Reset.cpp.o)
                0x20070000                banzai
 *(.data .data.*)
 .data.SystemCoreClock
                0x2007002c        0x4 C:\Users\david\AppData\Local\arduino15\packages\arduino\hardware\sam\1.6.11\variants\arduino_due_x/libsam_sam3x8e_gcc_rel.a(system_sam3xa.o)
                0x2007002c                SystemCoreClock
 .data._ZL5ticks
                0x20070030        0x4 C:\Users\david\AppData\Local\Temp\VMBuilds\eagleSerial\arduino_due_x_dbg\Debug/core.a(Reset.cpp.o)
 .data.EndPoints
                0x20070034       0x28 C:\Users\david\AppData\Local\Temp\VMBuilds\eagleSerial\arduino_due_x_dbg\Debug/core.a(USBCore.cpp.o)
                0x20070034                EndPoints
 .data._ZL10breakValue
                0x2007005c        0x4 C:\Users\david\AppData\Local\Temp\VMBuilds\eagleSerial\arduino_due_x_dbg\Debug/core.a(CDC.cpp.o)
 .data._ZL12_usbLineInfo
                0x20070060        0x8 C:\Users\david\AppData\Local\Temp\VMBuilds\eagleSerial\arduino_due_x_dbg\Debug/core.a(CDC.cpp.o)
 .data.g_interrupt_enabled
                0x20070068        0x4 C:\Users\david\AppData\Local\arduino15\packages\arduino\hardware\sam\1.6.11\variants\arduino_due_x/libsam_sam3x8e_gcc_rel.a(interrupt_sam_nvic.o)
                0x20070068                g_interrupt_enabled
 *fill*         0x2007006c        0x4 
 .data.impure_data
                0x20070070      0x428 c:/users/david/appdata/local/arduino15/packages/arduino/tools/arm-none-eabi-gcc/4.8.3-2014q1/bin/../lib/gcc/arm-none-eabi/4.8.3/../../../../arm-none-eabi/lib/armv7-m\libg.a(lib_a-impure.o)
 .data._impure_ptr
                0x20070498        0x4 c:/users/david/appdata/local/arduino15/packages/arduino/tools/arm-none-eabi-gcc/4.8.3-2014q1/bin/../lib/gcc/arm-none-eabi/4.8.3/../../../../arm-none-eabi/lib/armv7-m\libg.a(lib_a-impure.o)
                0x20070498                _impure_ptr
 .data.__malloc_av_
                0x2007049c      0x408 c:/users/david/appdata/local/arduino15/packages/arduino/tools/arm-none-eabi-gcc/4.8.3-2014q1/bin/../lib/gcc/arm-none-eabi/4.8.3/../../../../arm-none-eabi/lib/armv7-m\libg.a(lib_a-mallocr.o)
                0x2007049c                __malloc_av_
 .data.__malloc_trim_threshold
                0x200708a4        0x4 c:/users/david/appdata/local/arduino15/packages/arduino/tools/arm-none-eabi-gcc/4.8.3-2014q1/bin/../lib/gcc/arm-none-eabi/4.8.3/../../../../arm-none-eabi/lib/armv7-m\libg.a(lib_a-mallocr.o)
                0x200708a4                __malloc_trim_threshold
 .data.__malloc_sbrk_base
                0x200708a8        0x4 c:/users/david/appdata/local/arduino15/packages/arduino/tools/arm-none-eabi-gcc/4.8.3-2014q1/bin/../lib/gcc/arm-none-eabi/4.8.3/../../../../arm-none-eabi/lib/armv7-m\libg.a(lib_a-mallocr.o)
                0x200708a8                __malloc_sbrk_base
 .data.__ctype_ptr__
                0x200708ac        0x4 c:/users/david/appdata/local/arduino15/packages/arduino/tools/arm-none-eabi-gcc/4.8.3-2014q1/bin/../lib/gcc/arm-none-eabi/4.8.3/../../../../arm-none-eabi/lib/armv7-m\libg.a(lib_a-ctype_.o)
                0x200708ac                __ctype_ptr__
 .data.lc_ctype_charset
                0x200708b0       0x20 c:/users/david/appdata/local/arduino15/packages/arduino/tools/arm-none-eabi-gcc/4.8.3-2014q1/bin/../lib/gcc/arm-none-eabi/4.8.3/../../../../arm-none-eabi/lib/armv7-m\libg.a(lib_a-locale.o)
 .data.__mb_cur_max
                0x200708d0        0x4 c:/users/david/appdata/local/arduino15/packages/arduino/tools/arm-none-eabi-gcc/4.8.3-2014q1/bin/../lib/gcc/arm-none-eabi/4.8.3/../../../../arm-none-eabi/lib/armv7-m\libg.a(lib_a-locale.o)
                0x200708d0                __mb_cur_max
 .data.__wctomb
                0x200708d4        0x4 c:/users/david/appdata/local/arduino15/packages/arduino/tools/arm-none-eabi-gcc/4.8.3-2014q1/bin/../lib/gcc/arm-none-eabi/4.8.3/../../../../arm-none-eabi/lib/armv7-m\libg.a(lib_a-wctomb_r.o)
                0x200708d4                __wctomb
                0x200708d8                . = ALIGN (0x4)
                0x200708d8                _erelocate = .

.bss            0x200708d8      0xaf8 load address 0x000881cc
                0x200708d8                . = ALIGN (0x4)
                0x200708d8                _sbss = .
                0x200708d8                _szero = .
 *(.bss .bss.*)
 .bss           0x200708d8       0x1c c:/users/david/appdata/local/arduino15/packages/arduino/tools/arm-none-eabi-gcc/4.8.3-2014q1/bin/../lib/gcc/arm-none-eabi/4.8.3/armv7-m/crtbegin.o
 .bss.IO        0x200708f4       0x5c C:\Users\david\AppData\Local\Temp\VMBuilds\eagleSerial\arduino_due_x_dbg\Debug\eagleSerial.cpp.o
                0x200708f4                IO
 .bss.myXbee    0x20070950      0x26c C:\Users\david\AppData\Local\Temp\VMBuilds\eagleSerial\arduino_due_x_dbg\Debug\eagleSerial.cpp.o
                0x20070950                myXbee
 .bss.contare   0x20070bbc        0x2 C:\Users\david\AppData\Local\Temp\VMBuilds\eagleSerial\arduino_due_x_dbg\Debug\eagleSerial.cpp.o
                0x20070bbc                contare
 .bss.esci      0x20070bbe        0x1 C:\Users\david\AppData\Local\Temp\VMBuilds\eagleSerial\arduino_due_x_dbg\Debug\eagleSerial.cpp.o
                0x20070bbe                esci
 *fill*         0x20070bbf        0x1 
 .bss.selezione
                0x20070bc0        0x4 C:\Users\david\AppData\Local\Temp\VMBuilds\eagleSerial\arduino_due_x_dbg\Debug\eagleSerial.cpp.o
                0x20070bc0                selezione
 .bss.tx_buffer2
                0x20070bc4       0x88 C:\Users\david\AppData\Local\Temp\VMBuilds\eagleSerial\arduino_due_x_dbg\Debug\variant\variant.cpp.o
                0x20070bc4                tx_buffer2
 .bss.tx_buffer1
                0x20070c4c       0x88 C:\Users\david\AppData\Local\Temp\VMBuilds\eagleSerial\arduino_due_x_dbg\Debug\variant\variant.cpp.o
                0x20070c4c                tx_buffer1
 .bss.Serial    0x20070cd4       0x24 C:\Users\david\AppData\Local\Temp\VMBuilds\eagleSerial\arduino_due_x_dbg\Debug\variant\variant.cpp.o
                0x20070cd4                Serial
 .bss.rx_buffer1
                0x20070cf8       0x88 C:\Users\david\AppData\Local\Temp\VMBuilds\eagleSerial\arduino_due_x_dbg\Debug\variant\variant.cpp.o
                0x20070cf8                rx_buffer1
 .bss.Serial1   0x20070d80       0x28 C:\Users\david\AppData\Local\Temp\VMBuilds\eagleSerial\arduino_due_x_dbg\Debug\variant\variant.cpp.o
                0x20070d80                Serial1
 .bss.Serial2   0x20070da8       0x28 C:\Users\david\AppData\Local\Temp\VMBuilds\eagleSerial\arduino_due_x_dbg\Debug\variant\variant.cpp.o
                0x20070da8                Serial2
 .bss.Serial3   0x20070dd0       0x28 C:\Users\david\AppData\Local\Temp\VMBuilds\eagleSerial\arduino_due_x_dbg\Debug\variant\variant.cpp.o
                0x20070dd0                Serial3
 .bss.tx_buffer3
                0x20070df8       0x88 C:\Users\david\AppData\Local\Temp\VMBuilds\eagleSerial\arduino_due_x_dbg\Debug\variant\variant.cpp.o
                0x20070df8                tx_buffer3
 .bss.tx_buffer4
                0x20070e80       0x88 C:\Users\david\AppData\Local\Temp\VMBuilds\eagleSerial\arduino_due_x_dbg\Debug\variant\variant.cpp.o
                0x20070e80                tx_buffer4
 .bss.g_pinStatus
                0x20070f08       0x4f C:\Users\david\AppData\Local\Temp\VMBuilds\eagleSerial\arduino_due_x_dbg\Debug\variant\variant.cpp.o
                0x20070f08                g_pinStatus
 *fill*         0x20070f57        0x1 
 .bss.rx_buffer2
                0x20070f58       0x88 C:\Users\david\AppData\Local\Temp\VMBuilds\eagleSerial\arduino_due_x_dbg\Debug\variant\variant.cpp.o
                0x20070f58                rx_buffer2
 .bss.rx_buffer3
                0x20070fe0       0x88 C:\Users\david\AppData\Local\Temp\VMBuilds\eagleSerial\arduino_due_x_dbg\Debug\variant\variant.cpp.o
                0x20070fe0                rx_buffer3
 .bss.rx_buffer4
                0x20071068       0x88 C:\Users\david\AppData\Local\Temp\VMBuilds\eagleSerial\arduino_due_x_dbg\Debug\variant\variant.cpp.o
                0x20071068                rx_buffer4
 .bss.gpf_isr   0x200710f0        0x4 C:\Users\david\AppData\Local\arduino15\packages\arduino\hardware\sam\1.6.11\variants\arduino_due_x/libsam_sam3x8e_gcc_rel.a(uotghs.o)
                0x200710f0                gpf_isr
 .bss.heap.6420
                0x200710f4        0x4 C:\Users\david\AppData\Local\Temp\VMBuilds\eagleSerial\arduino_due_x_dbg\Debug/core.a(syscalls_sam3.c.o)
 .bss._cmark    0x200710f8        0x2 C:\Users\david\AppData\Local\Temp\VMBuilds\eagleSerial\arduino_due_x_dbg\Debug/core.a(USBCore.cpp.o)
                0x200710f8                _cmark
 .bss._ZL14isEndpointHalt
                0x200710fa        0x1 C:\Users\david\AppData\Local\Temp\VMBuilds\eagleSerial\arduino_due_x_dbg\Debug/core.a(USBCore.cpp.o)
 *fill*         0x200710fb        0x1 
 .bss._cdcComposite
                0x200710fc        0x4 C:\Users\david\AppData\Local\Temp\VMBuilds\eagleSerial\arduino_due_x_dbg\Debug/core.a(USBCore.cpp.o)
                0x200710fc                _cdcComposite
 .bss._ZL21isRemoteWakeUpEnabled
                0x20071100        0x1 C:\Users\david\AppData\Local\Temp\VMBuilds\eagleSerial\arduino_due_x_dbg\Debug/core.a(USBCore.cpp.o)
 *fill*         0x20071101        0x3 
 .bss._usbInitialized
                0x20071104        0x4 C:\Users\david\AppData\Local\Temp\VMBuilds\eagleSerial\arduino_due_x_dbg\Debug/core.a(USBCore.cpp.o)
                0x20071104                _usbInitialized
 .bss.USBDevice
                0x20071108        0x1 C:\Users\david\AppData\Local\Temp\VMBuilds\eagleSerial\arduino_due_x_dbg\Debug/core.a(USBCore.cpp.o)
                0x20071108                USBDevice
 *fill*         0x20071109        0x3 
 .bss._usbSetInterface
                0x2007110c        0x4 C:\Users\david\AppData\Local\Temp\VMBuilds\eagleSerial\arduino_due_x_dbg\Debug/core.a(USBCore.cpp.o)
                0x2007110c                _usbSetInterface
 .bss._cend     0x20071110        0x2 C:\Users\david\AppData\Local\Temp\VMBuilds\eagleSerial\arduino_due_x_dbg\Debug/core.a(USBCore.cpp.o)
                0x20071110                _cend
 *fill*         0x20071112        0x2 
 .bss._usbConfiguration